A_family
                 n   best_mtm  med_d_mtm  med_d_dd  med_d_fresh  med_d_noentry  med_d_rectpd  share_pareto8
family                                                                                                     
A-CSM          100  229955.82   -1447.28    -39.34       -59.28           0.00          0.00           0.19
A-HARV         162  229940.82    -669.71    -20.00       -37.36           0.00          0.03           0.42
A-HARV-CORE      6  229704.90    -264.68   -151.23      -151.23           0.00          0.02           0.17
A-NULL-A         9  531306.50        NaN       NaN          NaN            NaN           NaN           0.00
A-NULL-B         6  370750.34   23129.84  -5168.23     -2540.35         381.88          3.49           1.00
A-NULL-C        30  316402.56    4517.59  -2354.16     -1576.87        -146.16          0.42           0.53
A-SALV         142  219268.28  -16934.53   9053.58      9053.58        -292.34          0.36           0.22
A-SEP           40  180874.27  -13990.66   6758.78      6554.30           0.00          0.02           0.00
A-SERIES        24  472285.59        NaN       NaN          NaN            NaN           NaN           0.29
A-SOFT          59  229404.16    -534.73    -55.02        -5.02           0.00         -0.04           0.10
A-STATIC        71  249336.41    -102.45      0.00         0.00           0.00          0.00           0.34
A-STATIC-NULL    6  236207.17        NaN       NaN          NaN            NaN           NaN           0.00
A-STRUCT        53  306464.84   -2578.69      0.00     -6553.09           0.00          0.00           0.13
B_family
            n  pos  med_ev  best_ev
family                             
B-B1      285   64   -2.00     9.87
B-B10      60    0   -3.52    -1.17
B-B11      20    3   -1.87    11.27
B-B12      20    0   -4.01    -1.40
B-B2      489   47   -3.21     4.92
B-B3       40    0   -3.40    -2.07
B-B4      186   55   -1.61     5.74
B-B5       59    7   -2.94     2.54
B-B6       45    0   -3.30    -1.30
B-B7      195   86   -0.58     5.74
B-B8       50    0   -3.23    -1.02
B-B9       35    0   -2.86    -0.24
B-COOL     16   16    2.60     4.52
B-NULL    140   33   -2.18     5.07
B-STRESS   56   31    0.66     4.46
B-UNION    12    0   -0.37    -0.21
{'A': 708, 'B': 1708, 'A_unique': 679, 'B_unique': 1708, 'AB': 200}
