                   event      n  per_day  p_1_1  p_2_2  p_3_2  p_5_5   ret5  ret10  ret30  evt10  ev_2_2  ev_3_2  best_ev_bracket  best_ev_time  years_pos_lift_ret10  s19_21_ret10  s22_ret10  s23p_ret10
    B4_or15_break_strong   1039    0.586  0.239  0.411  0.340  0.502  0.194  0.412  0.669 -0.336  -0.751  -0.714           -0.353         0.282                     7         0.338      0.324       0.502
   B11_tf5_highvol_burst     94    0.053  0.213  0.372  0.330  0.473  1.061  0.487  5.922 -0.261  -0.916  -0.767           -0.393         5.174                     3         0.381     -2.542       1.452
    B11_tf5_lowvol_burst    314    0.177  0.232  0.362  0.304  0.496 -0.126 -0.379  0.424 -1.127  -0.961  -0.902           -0.412         0.936                     4        -0.224     -1.935      -0.022
           B4_or15_break   1398    0.788  0.242  0.403  0.331  0.494  0.176  0.337  0.550 -0.411  -0.786  -0.759           -0.436         0.140                     7         0.462      0.302       0.248
      B5_tf1_q0.7_expbar   1339    0.755  0.241  0.396  0.332  0.494  0.102 -0.057  0.447 -0.805  -0.814  -0.753           -0.438        -0.301                     3        -0.293      0.027       0.155
    B11_tf1_lowvol_burst    888    0.501  0.205  0.358  0.299  0.492  0.009  0.077  0.555 -0.671  -0.978  -0.928           -0.450         0.136                     6         0.117      0.428      -0.055
          B1_tf3_body1.8    878    0.495  0.195  0.368  0.299  0.492  0.083  0.033  0.239 -0.715  -0.932  -0.927           -0.455         0.197                     3        -0.368     -0.533       0.588
          B1_tf5_body1.8    562    0.317  0.222  0.364  0.296  0.489  0.157 -0.236  0.632 -0.984  -0.951  -0.945           -0.486        -0.116                     4        -1.266     -0.301       0.526
      B5_tf5_q0.7_expbar    326    0.184  0.240  0.373  0.321  0.489 -0.235  0.045 -0.511 -0.703  -0.913  -0.815           -0.488        -0.588                     4         0.452     -1.765       0.107
       B7_tf3_k5.0_first    856    0.483  0.263  0.416  0.344  0.489 -0.061 -0.033  0.761 -0.781  -0.729  -0.692           -0.490         0.495                     5        -0.603     -0.400       0.514
      B5_tf1_q0.5_expbar    409    0.231  0.210  0.369  0.301  0.488  0.196 -0.011  0.696 -0.759  -0.929  -0.919           -0.492        -0.052                     3        -0.274     -0.301       0.471
    B4_or10_break_strong   1095    0.618  0.238  0.392  0.330  0.488  0.119  0.316  0.429 -0.432  -0.833  -0.767           -0.501        -0.202                     6         0.225      0.269       0.405
    B1_tf3_body1.2_trend   3695    2.084  0.231  0.372  0.306  0.485  0.046  0.020  0.344 -0.728  -0.916  -0.892           -0.522        -0.041                     3         0.049     -0.217       0.078
       B2_tf3_N12_rngexp   3378    1.905  0.243  0.385  0.317  0.483 -0.126 -0.232  0.252 -0.980  -0.864  -0.834           -0.549         0.078                     3        -0.068     -0.777      -0.196
   B1_tf10_body1.2_trend   1258    0.710  0.245  0.360  0.299  0.483 -0.108 -0.010  0.586 -0.758  -0.967  -0.926           -0.552         0.757                     4         0.234      0.000      -0.214
    B4_or30_break_strong    948    0.535  0.245  0.403  0.343  0.475 -0.046 -0.121  0.315 -0.869  -0.785  -0.698           -0.562        -0.161                     3         0.108     -0.658      -0.146
        B4_or10_pullback   1152    0.650  0.238  0.354  0.289  0.481 -0.062 -0.129  0.182 -0.877  -0.993  -0.979           -0.563        -0.487                     4         0.163     -0.660      -0.223
     B1_tf3_body1.2_vwap   4233    2.387  0.234  0.374  0.311  0.481 -0.047  0.008  0.375 -0.740  -0.909  -0.863           -0.566        -0.140                     3        -0.120     -0.267       0.210
        B2_tf3_N8_rngexp   4087    2.305  0.243  0.384  0.317  0.481 -0.099 -0.167  0.203 -0.915  -0.868  -0.836           -0.568        -0.031                     3        -0.118     -0.593      -0.066
         B4_or5_pullback   1202    0.678  0.228  0.374  0.300  0.481 -0.231 -0.318 -0.033 -1.066  -0.910  -0.924           -0.572        -0.672                     3        -0.031     -1.175      -0.328
     B1_tf5_body1.2_vwap   2587    1.459  0.230  0.370  0.304  0.480 -0.060 -0.137  0.673 -0.885  -0.926  -0.902           -0.574         0.091                     2        -0.220     -0.803       0.146
             B10_tf3_hl4   3277    1.848  0.278  0.403  0.329  0.480  0.059  0.053  0.069 -0.695  -0.785  -0.771           -0.576        -0.347                     5        -0.007     -0.119       0.140
         B1_tf10_body1.2   1772    0.999  0.230  0.355  0.297  0.480 -0.094  0.053  0.396 -0.695  -0.988  -0.940           -0.577         0.720                     5         0.003     -0.211       0.178
       B7_tf1_k5.0_first   2317    1.307  0.227  0.372  0.306  0.480 -0.186 -0.110  0.483 -0.858  -0.918  -0.891           -0.580         0.190                     3        -0.416      0.149       0.026
          B2_tf3_N12_vol   4401    2.482  0.249  0.382  0.312  0.477 -0.063 -0.110  0.214 -0.858  -0.876  -0.859           -0.609        -0.299                     5        -0.002     -0.031      -0.226
           B4_or10_break   1441    0.813  0.235  0.386  0.321  0.477  0.168  0.251  0.489 -0.497  -0.858  -0.811           -0.610        -0.035                     5         0.305      0.469       0.150
     B4_or5_break_strong   1106    0.624  0.221  0.384  0.321  0.467 -0.127 -0.180  0.079 -0.928  -0.865  -0.813           -0.611        -0.250                     3        -0.493     -0.610       0.200
           B9_vwap_first   1751    0.988  0.259  0.392  0.321  0.474 -0.065  0.005  0.337 -0.743  -0.833  -0.815           -0.616        -0.332                     4         0.033      0.170      -0.065
           B4_or30_break   1294    0.730  0.247  0.396  0.336  0.474 -0.020 -0.085  0.196 -0.833  -0.813  -0.733           -0.618        -0.280                     3         0.164     -0.251      -0.237
            B4_or5_break   1490    0.840  0.226  0.385  0.320  0.463 -0.103 -0.142 -0.030 -0.890  -0.864  -0.817           -0.620        -0.310                     2        -0.169     -0.596       0.007
     B1_tf1_body1.2_vwap  11413    6.437  0.248  0.388  0.316  0.475  0.026  0.033  0.181 -0.715  -0.848  -0.840           -0.626        -0.385                     5         0.045     -0.043       0.044
    B1_tf10_body1.2_vwap   1523    0.859  0.236  0.353  0.298  0.475 -0.180 -0.087  0.431 -0.835  -0.999  -0.932           -0.628         0.580                     3        -0.050     -0.285      -0.051
    B1_tf1_body1.2_trend   9687    5.464  0.249  0.386  0.312  0.475  0.016  0.018  0.082 -0.730  -0.858  -0.861           -0.629        -0.543                     3         0.079     -0.138       0.010
           B2_tf3_N8_vol   4837    2.728  0.247  0.381  0.311  0.475 -0.058 -0.087  0.225 -0.835  -0.880  -0.866           -0.630        -0.339                     3        -0.058      0.095      -0.167
          B1_tf3_body1.2   5586    3.151  0.230  0.370  0.306  0.474 -0.075 -0.036  0.162 -0.784  -0.925  -0.891           -0.637        -0.243                     3        -0.267     -0.265       0.240
        B2_tf3_N4_rngexp   5401    3.046  0.240  0.381  0.313  0.474 -0.079 -0.091  0.232 -0.839  -0.878  -0.853           -0.638         0.119                     3        -0.250     -0.387       0.141
       B2_tf1_N12_rngexp  11230    6.334  0.245  0.386  0.313  0.474  0.001 -0.001  0.190 -0.749  -0.856  -0.854           -0.640        -0.228                     3        -0.047     -0.323       0.145
    B1_tf5_body1.2_trend   2254    1.271  0.236  0.369  0.304  0.474 -0.040 -0.242  0.412 -0.990  -0.930  -0.904           -0.641        -0.298                     3        -0.229     -0.850      -0.052
       B2_tf5_N12_rngexp   1895    1.069  0.238  0.375  0.307  0.474 -0.150 -0.146  0.704 -0.894  -0.906  -0.887           -0.644         0.477                     3        -0.168     -0.482      -0.011
      B1_tf3_body1.2_vol   2409    1.359  0.223  0.365  0.301  0.473 -0.129 -0.112  0.100 -0.860  -0.945  -0.917           -0.646        -0.305                     2        -0.155      0.148      -0.160
           B2_tf3_N4_vol   5534    3.121  0.248  0.381  0.310  0.473 -0.040 -0.038  0.225 -0.786  -0.878  -0.870           -0.647        -0.305                     3        -0.141      0.190      -0.023
             B10_tf3_hl3   7848    4.426  0.266  0.392  0.324  0.473 -0.004 -0.047  0.062 -0.795  -0.832  -0.798           -0.655        -0.497                     3         0.033     -0.267      -0.037
         B10_tf3_hl3_brk   7981    4.501  0.260  0.390  0.318  0.472 -0.097 -0.104  0.033 -0.852  -0.841  -0.829           -0.658        -0.501                     3        -0.006     -0.439      -0.073
     B1_tf10_body1.2_vol   1072    0.605  0.225  0.343  0.290  0.472 -0.050  0.066  0.176 -0.682  -1.040  -0.974           -0.659         0.652                     4         0.090     -0.043       0.083
    B5_tf1_q0.7_boxbreak  11272    6.358  0.264  0.395  0.321  0.472 -0.024 -0.019  0.200 -0.767  -0.821  -0.812           -0.662        -0.435                     3        -0.144     -0.091       0.101
         B10_tf3_hl4_brk   3545    1.999  0.261  0.388  0.314  0.471 -0.163 -0.076 -0.021 -0.824  -0.850  -0.848           -0.665        -0.475                     4        -0.150     -0.458       0.083
             B8_low30_W5  18868   10.642  0.273  0.397  0.322  0.471  0.091  0.114  0.197 -0.634  -0.809  -0.806           -0.667        -0.437                     7         0.092      0.259       0.085
        B2_tf5_N8_rngexp   2253    1.271  0.240  0.378  0.309  0.471 -0.176 -0.134  0.609 -0.882  -0.890  -0.874           -0.671         0.354                     3        -0.100     -0.652       0.019
          B1_tf5_body1.2   3260    1.839  0.229  0.367  0.300  0.471 -0.114 -0.222  0.504 -0.970  -0.939  -0.925           -0.672        -0.058                     2        -0.372     -0.656       0.044
        B2_tf1_N4_rngexp  17678    9.971  0.250  0.387  0.313  0.471 -0.042 -0.053  0.103 -0.801  -0.853  -0.854           -0.673        -0.372                     3        -0.088     -0.427       0.100
         B1_tf10_body1.8    405    0.228  0.237  0.342  0.275  0.471  0.162  0.406  1.390 -0.342  -1.045  -1.056           -0.674         1.826                     5        -0.180      1.627       0.432
             B8_low30_W1  14471    8.162  0.271  0.394  0.322  0.470  0.100  0.092  0.073 -0.656  -0.822  -0.808           -0.676        -0.618                     6         0.065      0.094       0.107
        B2_tf1_N8_rngexp  13300    7.501  0.244  0.383  0.310  0.470 -0.042 -0.046  0.146 -0.794  -0.868  -0.869           -0.683        -0.336                     4        -0.079     -0.408       0.105
         B1_tf10_body0.8   5160    2.910  0.246  0.374  0.308  0.470  0.020  0.053  0.220 -0.695  -0.908  -0.882           -0.685        -0.100                     4        -0.019     -0.222       0.194
             B8_low60_W5  11601    6.543  0.267  0.400  0.324  0.470  0.075  0.031  0.108 -0.717  -0.800  -0.795           -0.685        -0.277                     5         0.106     -0.090       0.019
          B9_vwap_rngexp   3699    2.086  0.242  0.381  0.315  0.469  0.015  0.088  0.265 -0.660  -0.877  -0.844           -0.689        -0.277                     3        -0.039     -0.073       0.234
          B1_tf1_body1.8   2727    1.538  0.226  0.382  0.306  0.469  0.149  0.035  0.350 -0.713  -0.873  -0.891           -0.690        -0.210                     4        -0.090      0.042       0.146
        B4_or15_pullback   1121    0.632  0.243  0.362  0.297  0.469 -0.113 -0.267  0.561 -1.015  -0.959  -0.940           -0.691         0.124                     2         0.125     -0.668      -0.469
      B1_tf1_body1.2_vol   7424    4.187  0.235  0.378  0.305  0.469 -0.012 -0.034  0.108 -0.782  -0.890  -0.897           -0.692        -0.518                     5         0.091     -0.192      -0.099
          B1_tf1_body1.2  17161    9.679  0.250  0.387  0.314  0.469 -0.003 -0.008  0.072 -0.756  -0.851  -0.848           -0.693        -0.545                     5         0.031     -0.162       0.006
 B4_or5_faildown_reclaim   1431    0.807  0.233  0.375  0.301  0.469 -0.289 -0.038  0.201 -0.786  -0.903  -0.917           -0.694        -0.547                     4        -0.302     -0.343       0.250
           B6_tf1_pb0.25  36076   20.347  0.261  0.390  0.316  0.469 -0.046 -0.031  0.109 -0.779  -0.842  -0.837           -0.696        -0.488                     1        -0.087     -0.113       0.035
    B5_tf5_q0.7_boxbreak   4689    2.645  0.260  0.391  0.317  0.468 -0.090 -0.075  0.077 -0.823  -0.838  -0.832           -0.698        -0.475                     2        -0.121     -0.388       0.055
        B9_tf5_vwap_deep    501    0.283  0.240  0.373  0.314  0.468  0.182  0.749  0.973  0.001  -0.913  -0.847           -0.700         0.225                     7         0.362      1.287       0.886
B4_or15_faildown_reclaim   1295    0.730  0.259  0.408  0.337  0.464  0.072 -0.006  0.168 -0.754  -0.764  -0.729           -0.700        -0.547                     4         0.108     -1.004       0.213
           B2_tf5_N8_vol   2603    1.468  0.257  0.383  0.317  0.468 -0.099 -0.074  0.522 -0.822  -0.868  -0.834           -0.701        -0.063                     4        -0.015     -0.292      -0.055
         B10_tf3_hl2_brk  17032    9.606  0.260  0.387  0.315  0.468 -0.116 -0.083  0.059 -0.831  -0.853  -0.845           -0.701        -0.461                     2        -0.104     -0.191      -0.038
        B2_tf5_N4_rngexp   3138    1.770  0.244  0.376  0.306  0.468 -0.212 -0.174  0.416 -0.922  -0.898  -0.892           -0.702         0.237                     2        -0.152     -0.451      -0.096
          B2_tf1_N12_vol  15936    8.988  0.246  0.378  0.306  0.468 -0.047 -0.073  0.167 -0.821  -0.891  -0.891           -0.703        -0.333                     1        -0.138     -0.150       0.005
             B8_low15_W5  27916   15.745  0.270  0.393  0.318  0.468  0.059  0.058  0.156 -0.690  -0.827  -0.830           -0.703        -0.503                     6         0.106      0.061       0.025
          B2_tf1_N4_vwap  58099   32.769  0.255  0.385  0.312  0.467 -0.060 -0.070  0.139 -0.818  -0.862  -0.859           -0.708        -0.348                     1        -0.105     -0.242       0.007
         B2_tf3_N12_vwap  14311    8.072  0.256  0.385  0.315  0.467 -0.093 -0.130  0.126 -0.878  -0.861  -0.844           -0.709        -0.364                     1        -0.066     -0.356      -0.114
            B6_tf1_pb0.5  13400    7.558  0.268  0.392  0.314  0.467  0.039  0.051  0.127 -0.697  -0.831  -0.849           -0.709        -0.508                     5        -0.002      0.106       0.073
             B8_low15_W1  21346   12.039  0.265  0.389  0.316  0.467  0.007 -0.010  0.017 -0.758  -0.845  -0.840           -0.711        -0.639                     5         0.078     -0.142      -0.019
          B2_tf3_N4_vwap  22898   12.915  0.258  0.387  0.315  0.467 -0.059 -0.073  0.148 -0.821  -0.853  -0.843           -0.712        -0.362                     1        -0.028     -0.263      -0.053
         B2_tf1_N12_vwap  36565   20.623  0.249  0.385  0.314  0.466 -0.053 -0.077  0.162 -0.825  -0.862  -0.851           -0.716        -0.310                     1        -0.114     -0.178      -0.018
           B2_tf1_N4_vol  20420   11.517  0.249  0.379  0.306  0.466 -0.076 -0.116  0.139 -0.864  -0.888  -0.891           -0.719        -0.360                     2        -0.167     -0.299      -0.012
           B6_tf1_pb0.33  27886   15.728  0.262  0.389  0.315  0.466 -0.032 -0.028  0.050 -0.776  -0.847  -0.846           -0.719        -0.536                     1        -0.082     -0.063       0.022
       B2_tf3_N12_strong  12125    6.839  0.251  0.384  0.311  0.466 -0.108 -0.094  0.127 -0.842  -0.867  -0.865           -0.722        -0.449                     2        -0.056     -0.349      -0.047
          B2_tf3_N8_vwap  17293    9.754  0.256  0.385  0.315  0.466 -0.099 -0.108  0.151 -0.856  -0.862  -0.845           -0.722        -0.367                     0        -0.050     -0.267      -0.108
          B2_tf5_N12_vol   2360    1.331  0.257  0.380  0.317  0.466 -0.097 -0.069  0.563 -0.817  -0.883  -0.835           -0.723        -0.077                     3        -0.031     -0.214      -0.055
       BASELINE_all_bars 710296  400.618  0.276  0.396  0.320  0.466  0.007  0.021  0.069 -0.727  -0.815  -0.818           -0.725        -0.608                     0         0.018     -0.043       0.042
          B1_tf1_body0.8  54035   30.477  0.263  0.393  0.318  0.465 -0.000 -0.027  0.073 -0.775  -0.830  -0.829           -0.728        -0.579                     1        -0.057     -0.082       0.013
           B8_sesslow_W5   8595    4.848  0.249  0.396  0.322  0.465 -0.075 -0.072  0.033 -0.820  -0.813  -0.806           -0.729        -0.632                     2        -0.230     -0.169       0.054
          B2_tf5_N8_vwap  10945    6.173  0.259  0.383  0.312  0.465 -0.081 -0.102  0.217 -0.850  -0.869  -0.858           -0.732        -0.231                     2        -0.108     -0.479       0.018
             B8_low60_W1   8913    5.027  0.268  0.394  0.318  0.465  0.118  0.052 -0.002 -0.696  -0.823  -0.826           -0.732        -0.529                     4         0.034     -0.096       0.113
           B2_tf1_N8_vol  17502    9.871  0.246  0.377  0.305  0.465 -0.060 -0.096  0.144 -0.844  -0.896  -0.898           -0.732        -0.382                     1        -0.142     -0.200      -0.025
            B6_tf3_pb0.5   4255    2.400  0.270  0.388  0.312  0.465  0.039 -0.023  0.022 -0.771  -0.847  -0.859           -0.733        -0.644                     4        -0.240     -0.108       0.167
           B6_tf3_pb0.25  12235    6.901  0.266  0.386  0.311  0.465 -0.073 -0.078  0.085 -0.826  -0.858  -0.865           -0.734        -0.440                     2        -0.259     -0.073       0.060
          B1_tf5_body0.8  10468    5.904  0.246  0.383  0.312  0.465 -0.091 -0.126  0.151 -0.874  -0.868  -0.860           -0.734        -0.290                     2        -0.162     -0.323      -0.034
        B2_tf3_N8_strong  15378    8.673  0.249  0.383  0.311  0.465 -0.121 -0.100  0.114 -0.848  -0.870  -0.864           -0.735        -0.483                     2        -0.110     -0.265      -0.042
          B2_tf1_N8_vwap  43536   24.555  0.251  0.383  0.312  0.465 -0.062 -0.074  0.141 -0.822  -0.869  -0.860           -0.735        -0.373                     1        -0.128     -0.198       0.004
              B2_tf3_N12  16758    9.452  0.256  0.386  0.313  0.465 -0.120 -0.129  0.078 -0.877  -0.858  -0.854           -0.735        -0.445                     1        -0.107     -0.381      -0.071
               B2_tf3_N8  21170   11.940  0.256  0.385  0.313  0.464 -0.130 -0.114  0.109 -0.862  -0.860  -0.852           -0.737        -0.477                     0        -0.131     -0.255      -0.059
          B1_tf3_body0.8  17810   10.045  0.245  0.381  0.310  0.464 -0.079 -0.087  0.062 -0.835  -0.878  -0.869           -0.738        -0.552                     1        -0.125     -0.187      -0.025
              B2_tf3_N20  12167    6.862  0.255  0.382  0.311  0.464 -0.113 -0.143  0.114 -0.891  -0.875  -0.868           -0.739        -0.528                     1        -0.064     -0.299      -0.156
               B2_tf3_N4  30047   16.947  0.258  0.386  0.313  0.464 -0.102 -0.092  0.070 -0.840  -0.858  -0.855           -0.742        -0.464                     2        -0.104     -0.297      -0.023
           B6_tf3_pb0.33   9145    5.158  0.269  0.387  0.312  0.464 -0.069 -0.102  0.053 -0.850  -0.854  -0.861           -0.746        -0.435                     3        -0.346     -0.047       0.068
               B2_tf5_N8  12648    7.134  0.259  0.384  0.312  0.464 -0.104 -0.102  0.191 -0.850  -0.866  -0.859           -0.747        -0.307                     2        -0.128     -0.462       0.030
               B2_tf3_N6  24692   13.927  0.258  0.385  0.311  0.463 -0.136 -0.120  0.098 -0.868  -0.862  -0.863           -0.748        -0.447                     0        -0.129     -0.322      -0.053
               B8_pdl_W5   5931    3.345  0.255  0.392  0.321  0.461  0.087  0.093  0.035 -0.655  -0.833  -0.812           -0.754        -0.459                     5         0.319      0.294      -0.106
             B10_tf3_hl2  18919   10.671  0.267  0.391  0.318  0.463 -0.091 -0.018 -0.010 -0.766  -0.835  -0.830           -0.754        -0.557                     2        -0.068     -0.073       0.034
               B2_tf3_N3  34378   19.390  0.259  0.386  0.313  0.463 -0.087 -0.087  0.073 -0.835  -0.857  -0.855           -0.754        -0.510                     1        -0.095     -0.277      -0.025
        B2_tf3_N4_strong  21903   12.354  0.253  0.385  0.312  0.463 -0.097 -0.087  0.049 -0.835  -0.863  -0.862           -0.755        -0.504                     2        -0.104     -0.298      -0.010
         B2_tf5_N12_vwap   8869    5.002  0.258  0.382  0.313  0.463 -0.051 -0.092  0.212 -0.840  -0.876  -0.856           -0.756        -0.309                     2        -0.082     -0.390      -0.006
      B1_tf5_body1.2_vol   1583    0.893  0.231  0.362  0.297  0.463 -0.167 -0.457  0.263 -1.205  -0.960  -0.939           -0.756        -0.175                     2        -0.561     -0.795      -0.255
          B2_tf5_N4_vwap  14905    8.407  0.255  0.381  0.309  0.463 -0.096 -0.118  0.156 -0.866  -0.880  -0.875           -0.757        -0.219                     1        -0.107     -0.317      -0.069
               B3_roll60  18748   10.574  0.250  0.381  0.309  0.462 -0.099 -0.103  0.158 -0.851  -0.879  -0.874           -0.758        -0.459                     1        -0.141     -0.184      -0.047
               B2_tf1_N2 116786   65.869  0.259  0.386  0.313  0.462 -0.063 -0.079  0.051 -0.827  -0.856  -0.856           -0.758        -0.536                     0        -0.125     -0.199      -0.009
            B6_tf5_pb0.5   2374    1.339  0.253  0.382  0.306  0.462  0.037  0.064  0.217 -0.684  -0.876  -0.892           -0.760        -0.184                     4        -0.252      0.071       0.321
               B2_tf1_N3  97651   55.077  0.258  0.387  0.313  0.462 -0.073 -0.092  0.042 -0.840  -0.855  -0.856           -0.761        -0.522                     0        -0.148     -0.265       0.002
               B2_tf1_N4  85364   48.147  0.257  0.386  0.312  0.462 -0.086 -0.106  0.039 -0.854  -0.859  -0.859           -0.762        -0.529                     1        -0.169     -0.256      -0.013
       B2_tf5_N12_strong   7056    3.980  0.254  0.375  0.308  0.462 -0.047 -0.058  0.229 -0.806  -0.905  -0.879           -0.764        -0.455                     3        -0.111     -0.350       0.087
              B2_tf1_N12  48655   27.442  0.250  0.384  0.312  0.462 -0.101 -0.118  0.086 -0.866  -0.865  -0.862           -0.764        -0.457                     0        -0.183     -0.252      -0.028
             B10_tf1_hl2  51949   29.300  0.260  0.387  0.315  0.462 -0.051 -0.060  0.007 -0.808  -0.852  -0.846           -0.765        -0.611                     0        -0.070     -0.122      -0.035
        B3_prev60m_range   4817    2.717  0.262  0.386  0.312  0.461 -0.107 -0.117  0.137 -0.865  -0.857  -0.858           -0.766        -0.459                     2        -0.140     -0.278      -0.052
               B8_pdl_W1   5791    3.266  0.252  0.390  0.320  0.460  0.087  0.095  0.041 -0.653  -0.841  -0.820           -0.766        -0.443                     5         0.344      0.342      -0.130
               B3_roll15  43285   24.413  0.252  0.385  0.312  0.462 -0.120 -0.130  0.058 -0.878  -0.862  -0.859           -0.766        -0.487                     1        -0.179     -0.302      -0.039
        B2_tf1_N4_strong  62856   35.452  0.254  0.386  0.312  0.462 -0.083 -0.104  0.031 -0.852  -0.859  -0.859           -0.767        -0.560                     1        -0.162     -0.267      -0.010
        B2_tf5_N8_strong   9104    5.135  0.253  0.377  0.307  0.462 -0.100 -0.105  0.165 -0.853  -0.896  -0.886           -0.767        -0.462                     1        -0.151     -0.486       0.057
       B2_tf1_N12_strong  35894   20.245  0.246  0.384  0.311  0.461 -0.106 -0.130  0.052 -0.878  -0.865  -0.864           -0.768        -0.516                     1        -0.175     -0.276      -0.049
               B2_tf3_N2  41101   23.182  0.260  0.385  0.313  0.461 -0.095 -0.098  0.044 -0.846  -0.862  -0.857           -0.768        -0.518                     1        -0.132     -0.272      -0.020
B4_or10_faildown_reclaim   1351    0.762  0.238  0.381  0.309  0.454 -0.022 -0.260 -0.034 -1.008  -0.877  -0.876           -0.769        -0.665                     1        -0.444     -0.392      -0.088
              B2_tf5_N12   9813    5.535  0.258  0.381  0.312  0.461 -0.071 -0.096  0.198 -0.844  -0.878  -0.861           -0.770        -0.351                     3        -0.099     -0.381      -0.003
      B7_tf1_k3.0_second   9649    5.442  0.257  0.382  0.307  0.461 -0.098 -0.123  0.105 -0.871  -0.874  -0.884           -0.770        -0.518                     1        -0.226     -0.265       0.000
              B2_tf1_N20  37101   20.926  0.250  0.384  0.311  0.461 -0.136 -0.138  0.067 -0.886  -0.867  -0.867           -0.770        -0.476                     1        -0.193     -0.332      -0.036
           B8_sesslow_W1   6997    3.946  0.242  0.386  0.315  0.461 -0.009 -0.058 -0.193 -0.806  -0.856  -0.846           -0.771        -0.747                     2        -0.177     -0.195       0.057
        B2_tf5_N4_strong  13407    7.562  0.247  0.376  0.305  0.461 -0.107 -0.111  0.154 -0.859  -0.900  -0.897           -0.772        -0.445                     1        -0.209     -0.245       0.012
                B3_roll5  76549   43.175  0.256  0.385  0.311  0.461 -0.102 -0.118  0.038 -0.866  -0.862  -0.863           -0.772        -0.527                     0        -0.184     -0.256      -0.026
    B12_tf1_after_ddsell   5491    3.097  0.241  0.388  0.314  0.461 -0.027  0.019  0.082 -0.729  -0.849  -0.849           -0.772        -0.473                     5        -0.066     -0.305       0.217
               B3_roll30  29178   16.457  0.249  0.382  0.310  0.461 -0.141 -0.142  0.035 -0.890  -0.875  -0.871           -0.774        -0.514                     1        -0.211     -0.305      -0.038
               B2_tf5_N6  14963    8.439  0.256  0.382  0.310  0.461 -0.120 -0.127  0.137 -0.875  -0.874  -0.869           -0.776        -0.363                     2        -0.173     -0.425      -0.000
               B2_tf5_N4  18533   10.453  0.254  0.381  0.307  0.461 -0.124 -0.132  0.129 -0.880  -0.879  -0.884           -0.777        -0.348                     1        -0.184     -0.352      -0.026
           B6_tf5_pb0.33   5157    2.909  0.263  0.388  0.315  0.460 -0.002 -0.020  0.163 -0.768  -0.851  -0.845           -0.778        -0.382                     4        -0.248     -0.357       0.285
               B2_tf1_N6  69806   39.372  0.255  0.385  0.312  0.460 -0.100 -0.120  0.035 -0.868  -0.862  -0.862           -0.779        -0.541                     1        -0.191     -0.269      -0.022
               B2_tf5_N2  25319   14.280  0.256  0.383  0.310  0.460 -0.091 -0.106  0.107 -0.854  -0.869  -0.870           -0.780        -0.407                     1        -0.153     -0.327      -0.004
           B2_tf5_N4_vol   3149    1.776  0.254  0.376  0.308  0.460 -0.124 -0.166  0.389 -0.914  -0.899  -0.883           -0.783        -0.204                     1        -0.190     -0.219      -0.126
              B2_tf5_N20   6725    3.793  0.257  0.383  0.314  0.460 -0.046 -0.076  0.227 -0.824  -0.871  -0.850           -0.783        -0.392                     3        -0.127     -0.152      -0.011
           B6_tf5_pb0.25   7133    4.023  0.259  0.382  0.308  0.460 -0.027 -0.045  0.162 -0.793  -0.874  -0.879           -0.783        -0.374                     2        -0.297     -0.164       0.194
   B12_tf3_after_momsell    475    0.268  0.234  0.373  0.317  0.424 -0.226 -0.198 -0.976 -0.946  -0.911  -0.833           -0.783        -0.256                     4        -0.410      0.293      -0.250
               B3_roll10  53541   30.198  0.250  0.383  0.310  0.460 -0.106 -0.126  0.066 -0.874  -0.872  -0.870           -0.785        -0.503                     0        -0.195     -0.266      -0.032
             B10_tf1_hl3  20519   11.573  0.251  0.380  0.309  0.460 -0.161 -0.136 -0.001 -0.884  -0.883  -0.878           -0.787        -0.583                     0        -0.140     -0.223      -0.107
         B10_tf1_hl2_brk  45759   25.809  0.250  0.382  0.310  0.460 -0.133 -0.163  0.014 -0.911  -0.873  -0.870           -0.787        -0.527                     0        -0.219     -0.287      -0.085
             B10_tf1_hl4   8017    4.522  0.248  0.379  0.312  0.459 -0.184 -0.251 -0.213 -0.999  -0.888  -0.859           -0.789        -0.602                     1        -0.176     -0.453      -0.232
        B3_prev30m_range   9657    5.447  0.252  0.381  0.310  0.459 -0.167 -0.174  0.107 -0.922  -0.877  -0.873           -0.789        -0.537                     0        -0.112     -0.393      -0.160
               B2_tf5_N3  21256   11.989  0.254  0.380  0.307  0.459 -0.127 -0.150  0.086 -0.898  -0.883  -0.886           -0.790        -0.404                     1        -0.189     -0.421      -0.039
       B7_tf3_k3.0_first   4941    2.787  0.251  0.387  0.307  0.459 -0.184 -0.073  0.118 -0.821  -0.852  -0.885           -0.792        -0.426                     2        -0.124     -0.361       0.047
           B9_vwap_cross  14702    8.292  0.265  0.390  0.316  0.459  0.040  0.050  0.136 -0.698  -0.842  -0.838           -0.792        -0.417                     4        -0.017     -0.007       0.119
               B2_tf1_N8  60329   34.027  0.252  0.383  0.311  0.459 -0.110 -0.129  0.043 -0.877  -0.869  -0.867           -0.794        -0.539                     1        -0.198     -0.271      -0.033
        B3_prev15m_range  18222   10.277  0.255  0.386  0.313  0.458 -0.132 -0.127 -0.007 -0.875  -0.857  -0.854           -0.799        -0.550                     0        -0.107     -0.297      -0.093
        B2_tf1_N8_strong  44597   25.153  0.248  0.383  0.311  0.458 -0.110 -0.131  0.020 -0.879  -0.870  -0.867           -0.799        -0.576                     1        -0.200     -0.292      -0.027
    B5_tf5_q0.5_boxbreak   1654    0.933  0.269  0.398  0.322  0.458 -0.117 -0.081  0.230 -0.829  -0.806  -0.805           -0.803         0.045                     2        -0.136     -0.407       0.067
        B4_or30_pullback   1041    0.587  0.238  0.353  0.275  0.458 -0.133 -0.338  0.061 -1.086  -0.998  -1.055           -0.806        -0.263                     1        -0.254     -0.784      -0.294
       B7_tf1_k3.0_first  15281    8.619  0.255  0.386  0.311  0.458 -0.088 -0.121  0.030 -0.869  -0.857  -0.866           -0.808        -0.541                     2        -0.162     -0.462       0.014
B4_or30_faildown_reclaim   1167    0.658  0.247  0.392  0.314  0.446 -0.162 -0.403 -0.324 -1.151  -0.832  -0.849           -0.810        -0.784                     1        -0.454     -0.607      -0.304
           B9_vwap_slope   7947    4.482  0.267  0.385  0.312  0.456  0.069  0.088  0.094 -0.660  -0.862  -0.861           -0.816        -0.412                     4         0.128     -0.054       0.097
         B10_tf1_hl3_brk  20363   11.485  0.244  0.377  0.308  0.456 -0.210 -0.198  0.010 -0.946  -0.896  -0.883           -0.820        -0.484                     0        -0.262     -0.325      -0.116
            B9_vwap_deep   1620    0.914  0.246  0.375  0.306  0.448  0.095  0.021  0.339 -0.727  -0.906  -0.890           -0.831        -0.211                     4        -0.180      0.462       0.042
       B9_tf5_vwap_cross   6146    3.466  0.258  0.380  0.312  0.454 -0.029  0.008  0.045 -0.740  -0.881  -0.862           -0.841        -0.425                     4        -0.001     -0.089       0.044
      B5_tf5_q0.5_expbar    120    0.068  0.217  0.347  0.267  0.452 -0.896 -0.744 -1.284 -1.492  -1.021  -1.095           -0.843        -1.106                     2        -0.024     -2.955      -0.974
    B5_tf1_q0.5_boxbreak   3076    1.735  0.264  0.389  0.308  0.453 -0.088 -0.095  0.171 -0.843  -0.844  -0.882           -0.844        -0.307                     3        -0.183     -0.470       0.087
         B10_tf1_hl4_brk   8286    4.673  0.239  0.373  0.304  0.454 -0.221 -0.211 -0.142 -0.959  -0.911  -0.901           -0.845        -0.531                     1        -0.286     -0.334      -0.124
      B7_tf3_k3.0_second   2917    1.645  0.253  0.373  0.305  0.448 -0.017 -0.165 -0.134 -0.913  -0.913  -0.898           -0.852        -0.715                     2        -0.082     -0.761      -0.059
      B7_tf1_k5.0_second   1381    0.779  0.239  0.369  0.292  0.452 -0.087 -0.250 -0.236 -0.998  -0.930  -0.963           -0.860        -0.352                     1        -0.058     -0.576      -0.273
    B12_tf3_after_ddsell   1568    0.884  0.214  0.370  0.301  0.451 -0.407 -0.186 -0.078 -0.934  -0.925  -0.918           -0.875        -0.556                     4        -0.708     -0.681       0.408
   B12_tf1_after_momsell   1907    1.076  0.214  0.377  0.305  0.429 -0.209 -0.439 -0.689 -1.187  -0.897  -0.896           -0.876        -0.621                     2        -0.632     -0.182      -0.397
      B7_tf3_k5.0_second    395    0.223  0.238  0.347  0.285  0.451 -0.076 -0.760 -1.114 -1.508  -1.023  -1.002           -0.878        -0.807                     2        -0.321      0.060      -1.336
   B11_tf1_highvol_burst    789    0.445  0.194  0.340  0.280  0.440  0.500 -0.395  0.040 -1.143  -1.054  -1.027           -0.983        -0.204                     4         0.126     -1.498      -0.607
total 24 s
