                 name  weeks  wk_mean  wk_median    wk_p10   wk_p25  wk_p75   wk_p90  wk_pos  wk_ge1k  wk_ge2k  wk_ge3k  wk_ge4k  wk_le_m2k  wk_le_m4k  wk_worst  wk_worst_4w  wk_longest_losing  weeks_to_4k_gap
         A_SALV_cap14    369   429.37     757.15  -4275.85 -1521.78 2393.28  4485.85    0.61     0.46     0.28     0.19     0.11       0.21       0.12 -18084.72    -41121.95                  8          3570.63
         A_SALV_cap16    369   460.37     777.69  -4679.21 -1679.84 2727.18  4949.52    0.61     0.46     0.30     0.21     0.14       0.23       0.14 -19717.83    -41121.95                  8          3539.63
          A_SALV_cap8    369   214.32     370.76  -2087.31  -642.35 1171.43  2204.48    0.63     0.30     0.11     0.06     0.04       0.11       0.03  -8859.72    -15145.99                  5          3785.68
          A_PASSIVE_4    369   213.61     350.00  -2286.00  -915.00 1390.00  2344.00    0.57     0.34     0.14     0.08     0.05       0.13       0.02 -10115.00    -21209.96                  7          3786.39
          A_PASSIVE_8    369   426.94     700.00  -4572.00 -1830.00 2780.00  4688.00    0.57     0.48     0.34     0.22     0.14       0.24       0.13 -20230.00    -42419.92                  7          3573.06
             B_B7F_x1    369     8.19       7.52    -68.73   -18.72   43.76    87.52    0.55     0.00     0.00     0.00     0.00       0.00       0.00   -413.72      -478.70                  5          3991.81
    AB_G16_SALV8_B7F8    369   279.86     477.31  -2162.54  -752.39 1384.56  2094.98    0.62     0.34     0.12     0.07     0.05       0.12       0.04  -9259.32    -12605.06                  5          3720.14
AB_G16_PASSIVE4_B7F12    369   311.92     505.12  -2607.88  -954.88 1590.24  2806.17    0.58     0.36     0.18     0.09     0.06       0.13       0.04 -10714.40    -14593.88                  5          3688.08
 AB_G16_PASSIVE8_B7F8    369   492.48     850.08  -4591.92 -1899.84 2960.16  4798.24    0.58     0.47     0.36     0.24     0.14       0.25       0.13 -20629.60    -38009.20                  7          3507.52
   AB_G20_SALV8_B7F12    369   312.63     533.91  -2173.72  -816.44 1478.44  2364.17    0.62     0.36     0.15     0.08     0.05       0.13       0.04  -9459.12    -14084.70                  5          3687.37
AB_G20_PASSIVE20_only    369  1066.60    1750.00 -11430.00 -4575.00 6950.00 11720.00    0.57     0.53     0.49     0.44     0.39       0.35       0.28 -50575.00   -106049.80                  7          2933.40
    AB_G16_B7F16_only    369   131.08     120.32  -1099.68  -299.52  700.16  1400.32    0.55     0.18     0.04     0.00     0.00       0.04       0.01  -6619.52     -7659.20                  5          3868.92
                 name  horizon_weeks  ann_pnl_p05  ann_pnl_p50  ann_pnl_p95  p_ann_loss  wk_mean_p50  maxdd_p50  maxdd_p05  maxdd_p01  losing_streak_p50  losing_streak_p95  underwater_weeks_p50  underwater_weeks_p95
         A_SALV_cap14             52     -20443.4      23461.8      55320.6         0.2        451.2   -24111.7   -50777.7   -65929.2                4.0                8.0                  17.0                  47.0
         A_SALV_cap14            369       5425.8      20322.3      34101.7         0.0        390.8   -50386.8   -89259.7  -111419.3                7.0                9.0                  82.0                 217.0
         A_SALV_cap16             52     -23381.2      25556.5      61734.0         0.2        491.5   -26910.5   -56100.9   -73719.5                4.0                8.0                  17.0                  47.0
         A_SALV_cap16            369       5211.2      21988.3      37436.9         0.0        422.9   -56415.9   -99612.7  -125867.5                7.0                9.0                  85.0                 220.1
          A_SALV_cap8             52      -8377.5      11313.1      27490.2         0.2        217.6   -11539.8   -21526.7   -28120.2                4.0                5.0                  17.0                  46.0
          A_SALV_cap8            369       3336.0      10236.5      16898.4         0.0        196.9   -22073.7   -38060.9   -47576.5                5.0                7.0                  77.0                 202.1
          A_PASSIVE_4             52     -11755.8      11367.7      29245.7         0.2        218.6   -12285.0   -26675.1   -34885.2                4.0                7.0                  18.0                  47.0
          A_PASSIVE_4            369       1927.9       9928.8      17322.9         0.0        190.9   -26837.4   -47960.0   -60344.8                7.0                9.0                  89.5                 240.0
          A_PASSIVE_8             52     -23511.7      22735.3      58491.3         0.2        437.2   -24569.9   -53350.3   -69770.4                4.0                7.0                  18.0                  47.0
          A_PASSIVE_8            369       3855.9      19857.6      34645.8         0.0        381.9   -53674.8   -95920.0  -120689.6                7.0                9.0                  89.5                 240.0
             B_B7F_x1             52       -465.3        444.7       1252.4         0.2          8.6     -391.1     -860.3    -1130.5                3.0                5.0                  20.0                  48.0
             B_B7F_x1            369        110.7        431.0        745.8         0.0          8.3     -840.6    -1565.5    -2052.2                5.0                6.0                  87.0                 222.0
    AB_G16_SALV8_B7F8             52      -5890.8      14507.0      32250.5         0.1        279.0   -11503.2   -21110.1   -27622.1                4.0                5.0                  16.0                  44.0
    AB_G16_SALV8_B7F8            369       6163.2      13678.1      20791.0         0.0        263.0   -20918.4   -35067.5   -43646.7                5.0                7.0                  64.0                 161.0
AB_G16_PASSIVE4_B7F12             52      -7970.5      15928.2      36902.9         0.1        306.3   -13020.3   -25635.0   -33367.3                4.0                5.0                  17.0                  45.0
AB_G16_PASSIVE4_B7F12            369       6104.7      15087.0      23263.8         0.0        290.1   -25195.2   -43515.9   -54707.9                5.0                7.0                  68.0                 172.0
 AB_G16_PASSIVE8_B7F8             52     -19922.3      25622.4      63197.7         0.2        492.7   -24583.0   -51098.1   -66647.1                4.0                7.0                  17.0                  47.0
 AB_G16_PASSIVE8_B7F8            369       7117.4      23291.7      38393.8         0.0        447.9   -50880.6   -89427.9  -110529.1                7.0                9.0                  79.0                 203.1
   AB_G20_SALV8_B7F12             52      -5266.5      16220.7      35306.7         0.1        311.9   -11044.4   -21719.7   -28939.1                3.0                5.0                  16.0                  44.0
   AB_G20_SALV8_B7F12            369       7298.9      15402.7      23116.4         0.0        296.2   -21518.7   -36203.4   -45343.6                5.0                7.0                  61.0                 151.0
AB_G20_PASSIVE20_only             52     -58779.2      56838.3     146228.3         0.2       1093.0   -61424.8  -133375.7  -174426.1                4.0                7.0                  18.0                  47.0
AB_G20_PASSIVE20_only            369       9639.6      49638.4      86614.6         0.0        954.6  -134187.1  -239800.0  -301724.0                7.0                9.0                  89.5                 240.0
    AB_G16_B7F16_only             52      -7444.8       7115.0      20038.2         0.2        136.8    -6258.0   -13765.1   -18088.2                3.0                5.0                  20.0                  48.0
    AB_G16_B7F16_only            369       1770.7       6895.4      11933.2         0.0        132.6   -13449.4   -25047.7   -32835.6                5.0                6.0                  87.0                 222.0
