/usr/local/lib/python3.11/dist-packages/sklearn/linear_model/_logistic.py:1381: FutureWarning: 'penalty' was deprecated in version 1.8 and will be removed in 1.10. To avoid this warning, leave 'penalty' set to its default value and use 'l1_ratio' or 'C' instead. Use l1_ratio=0 instead of penalty='l2', l1_ratio=1 instead of penalty='l1', l1_ratio set to a float between 0 and 1 instead of penalty='elasticnet', and C=np.inf instead of penalty=None.
  warnings.warn(
/usr/local/lib/python3.11/dist-packages/sklearn/linear_model/_logistic.py:1407: UserWarning: Inconsistent values: penalty=l1 with l1_ratio=0.0. penalty is deprecated. Please use l1_ratio only.
  warnings.warn(
/usr/local/lib/python3.11/dist-packages/sklearn/linear_model/_logistic.py:1381: FutureWarning: 'penalty' was deprecated in version 1.8 and will be removed in 1.10. To avoid this warning, leave 'penalty' set to its default value and use 'l1_ratio' or 'C' instead. Use l1_ratio=0 instead of penalty='l2', l1_ratio=1 instead of penalty='l1', l1_ratio set to a float between 0 and 1 instead of penalty='elasticnet', and C=np.inf instead of penalty=None.
  warnings.warn(
/usr/local/lib/python3.11/dist-packages/sklearn/linear_model/_logistic.py:1407: UserWarning: Inconsistent values: penalty=l1 with l1_ratio=0.0. penalty is deprecated. Please use l1_ratio only.
  warnings.warn(
/usr/local/lib/python3.11/dist-packages/sklearn/linear_model/_logistic.py:1381: FutureWarning: 'penalty' was deprecated in version 1.8 and will be removed in 1.10. To avoid this warning, leave 'penalty' set to its default value and use 'l1_ratio' or 'C' instead. Use l1_ratio=0 instead of penalty='l2', l1_ratio=1 instead of penalty='l1', l1_ratio set to a float between 0 and 1 instead of penalty='elasticnet', and C=np.inf instead of penalty=None.
  warnings.warn(
/usr/local/lib/python3.11/dist-packages/sklearn/linear_model/_logistic.py:1407: UserWarning: Inconsistent values: penalty=l1 with l1_ratio=0.0. penalty is deprecated. Please use l1_ratio only.
  warnings.warn(
/usr/local/lib/python3.11/dist-packages/sklearn/linear_model/_logistic.py:1381: FutureWarning: 'penalty' was deprecated in version 1.8 and will be removed in 1.10. To avoid this warning, leave 'penalty' set to its default value and use 'l1_ratio' or 'C' instead. Use l1_ratio=0 instead of penalty='l2', l1_ratio=1 instead of penalty='l1', l1_ratio set to a float between 0 and 1 instead of penalty='elasticnet', and C=np.inf instead of penalty=None.
  warnings.warn(
/usr/local/lib/python3.11/dist-packages/sklearn/linear_model/_logistic.py:1407: UserWarning: Inconsistent values: penalty=l1 with l1_ratio=0.0. penalty is deprecated. Please use l1_ratio only.
  warnings.warn(
/usr/local/lib/python3.11/dist-packages/sklearn/linear_model/_logistic.py:1381: FutureWarning: 'penalty' was deprecated in version 1.8 and will be removed in 1.10. To avoid this warning, leave 'penalty' set to its default value and use 'l1_ratio' or 'C' instead. Use l1_ratio=0 instead of penalty='l2', l1_ratio=1 instead of penalty='l1', l1_ratio set to a float between 0 and 1 instead of penalty='elasticnet', and C=np.inf instead of penalty=None.
  warnings.warn(
/usr/local/lib/python3.11/dist-packages/sklearn/linear_model/_logistic.py:1407: UserWarning: Inconsistent values: penalty=l1 with l1_ratio=0.0. penalty is deprecated. Please use l1_ratio only.
  warnings.warn(
/usr/local/lib/python3.11/dist-packages/sklearn/linear_model/_logistic.py:1381: FutureWarning: 'penalty' was deprecated in version 1.8 and will be removed in 1.10. To avoid this warning, leave 'penalty' set to its default value and use 'l1_ratio' or 'C' instead. Use l1_ratio=0 instead of penalty='l2', l1_ratio=1 instead of penalty='l1', l1_ratio set to a float between 0 and 1 instead of penalty='elasticnet', and C=np.inf instead of penalty=None.
  warnings.warn(
/usr/local/lib/python3.11/dist-packages/sklearn/linear_model/_logistic.py:1407: UserWarning: Inconsistent values: penalty=l1 with l1_ratio=0.0. penalty is deprecated. Please use l1_ratio only.
  warnings.warn(
/usr/local/lib/python3.11/dist-packages/sklearn/linear_model/_logistic.py:1381: FutureWarning: 'penalty' was deprecated in version 1.8 and will be removed in 1.10. To avoid this warning, leave 'penalty' set to its default value and use 'l1_ratio' or 'C' instead. Use l1_ratio=0 instead of penalty='l2', l1_ratio=1 instead of penalty='l1', l1_ratio set to a float between 0 and 1 instead of penalty='elasticnet', and C=np.inf instead of penalty=None.
  warnings.warn(
/usr/local/lib/python3.11/dist-packages/sklearn/linear_model/_logistic.py:1407: UserWarning: Inconsistent values: penalty=l1 with l1_ratio=0.0. penalty is deprecated. Please use l1_ratio only.
  warnings.warn(
/usr/local/lib/python3.11/dist-packages/sklearn/linear_model/_logistic.py:1381: FutureWarning: 'penalty' was deprecated in version 1.8 and will be removed in 1.10. To avoid this warning, leave 'penalty' set to its default value and use 'l1_ratio' or 'C' instead. Use l1_ratio=0 instead of penalty='l2', l1_ratio=1 instead of penalty='l1', l1_ratio set to a float between 0 and 1 instead of penalty='elasticnet', and C=np.inf instead of penalty=None.
  warnings.warn(
/usr/local/lib/python3.11/dist-packages/sklearn/linear_model/_logistic.py:1407: UserWarning: Inconsistent values: penalty=l1 with l1_ratio=0.0. penalty is deprecated. Please use l1_ratio only.
  warnings.warn(
/usr/local/lib/python3.11/dist-packages/sklearn/linear_model/_logistic.py:1381: FutureWarning: 'penalty' was deprecated in version 1.8 and will be removed in 1.10. To avoid this warning, leave 'penalty' set to its default value and use 'l1_ratio' or 'C' instead. Use l1_ratio=0 instead of penalty='l2', l1_ratio=1 instead of penalty='l1', l1_ratio set to a float between 0 and 1 instead of penalty='elasticnet', and C=np.inf instead of penalty=None.
  warnings.warn(
/usr/local/lib/python3.11/dist-packages/sklearn/linear_model/_logistic.py:1407: UserWarning: Inconsistent values: penalty=l1 with l1_ratio=0.0. penalty is deprecated. Please use l1_ratio only.
  warnings.warn(
/usr/local/lib/python3.11/dist-packages/sklearn/linear_model/_logistic.py:1381: FutureWarning: 'penalty' was deprecated in version 1.8 and will be removed in 1.10. To avoid this warning, leave 'penalty' set to its default value and use 'l1_ratio' or 'C' instead. Use l1_ratio=0 instead of penalty='l2', l1_ratio=1 instead of penalty='l1', l1_ratio set to a float between 0 and 1 instead of penalty='elasticnet', and C=np.inf instead of penalty=None.
  warnings.warn(
/usr/local/lib/python3.11/dist-packages/sklearn/linear_model/_logistic.py:1407: UserWarning: Inconsistent values: penalty=l1 with l1_ratio=0.0. penalty is deprecated. Please use l1_ratio only.
  warnings.warn(
/usr/local/lib/python3.11/dist-packages/sklearn/linear_model/_logistic.py:1381: FutureWarning: 'penalty' was deprecated in version 1.8 and will be removed in 1.10. To avoid this warning, leave 'penalty' set to its default value and use 'l1_ratio' or 'C' instead. Use l1_ratio=0 instead of penalty='l2', l1_ratio=1 instead of penalty='l1', l1_ratio set to a float between 0 and 1 instead of penalty='elasticnet', and C=np.inf instead of penalty=None.
  warnings.warn(
/usr/local/lib/python3.11/dist-packages/sklearn/linear_model/_logistic.py:1407: UserWarning: Inconsistent values: penalty=l1 with l1_ratio=0.0. penalty is deprecated. Please use l1_ratio only.
  warnings.warn(
/usr/local/lib/python3.11/dist-packages/sklearn/linear_model/_logistic.py:1381: FutureWarning: 'penalty' was deprecated in version 1.8 and will be removed in 1.10. To avoid this warning, leave 'penalty' set to its default value and use 'l1_ratio' or 'C' instead. Use l1_ratio=0 instead of penalty='l2', l1_ratio=1 instead of penalty='l1', l1_ratio set to a float between 0 and 1 instead of penalty='elasticnet', and C=np.inf instead of penalty=None.
  warnings.warn(
/usr/local/lib/python3.11/dist-packages/sklearn/linear_model/_logistic.py:1407: UserWarning: Inconsistent values: penalty=l1 with l1_ratio=0.0. penalty is deprecated. Please use l1_ratio only.
  warnings.warn(
/usr/local/lib/python3.11/dist-packages/sklearn/linear_model/_logistic.py:1381: FutureWarning: 'penalty' was deprecated in version 1.8 and will be removed in 1.10. To avoid this warning, leave 'penalty' set to its default value and use 'l1_ratio' or 'C' instead. Use l1_ratio=0 instead of penalty='l2', l1_ratio=1 instead of penalty='l1', l1_ratio set to a float between 0 and 1 instead of penalty='elasticnet', and C=np.inf instead of penalty=None.
  warnings.warn(
/usr/local/lib/python3.11/dist-packages/sklearn/linear_model/_logistic.py:1407: UserWarning: Inconsistent values: penalty=l1 with l1_ratio=0.0. penalty is deprecated. Please use l1_ratio only.
  warnings.warn(
/usr/local/lib/python3.11/dist-packages/sklearn/linear_model/_logistic.py:1381: FutureWarning: 'penalty' was deprecated in version 1.8 and will be removed in 1.10. To avoid this warning, leave 'penalty' set to its default value and use 'l1_ratio' or 'C' instead. Use l1_ratio=0 instead of penalty='l2', l1_ratio=1 instead of penalty='l1', l1_ratio set to a float between 0 and 1 instead of penalty='elasticnet', and C=np.inf instead of penalty=None.
  warnings.warn(
/usr/local/lib/python3.11/dist-packages/sklearn/linear_model/_logistic.py:1407: UserWarning: Inconsistent values: penalty=l1 with l1_ratio=0.0. penalty is deprecated. Please use l1_ratio only.
  warnings.warn(
/usr/local/lib/python3.11/dist-packages/sklearn/linear_model/_logistic.py:1381: FutureWarning: 'penalty' was deprecated in version 1.8 and will be removed in 1.10. To avoid this warning, leave 'penalty' set to its default value and use 'l1_ratio' or 'C' instead. Use l1_ratio=0 instead of penalty='l2', l1_ratio=1 instead of penalty='l1', l1_ratio set to a float between 0 and 1 instead of penalty='elasticnet', and C=np.inf instead of penalty=None.
  warnings.warn(
/usr/local/lib/python3.11/dist-packages/sklearn/linear_model/_logistic.py:1407: UserWarning: Inconsistent values: penalty=l1 with l1_ratio=0.0. penalty is deprecated. Please use l1_ratio only.
  warnings.warn(
/usr/local/lib/python3.11/dist-packages/sklearn/linear_model/_logistic.py:1381: FutureWarning: 'penalty' was deprecated in version 1.8 and will be removed in 1.10. To avoid this warning, leave 'penalty' set to its default value and use 'l1_ratio' or 'C' instead. Use l1_ratio=0 instead of penalty='l2', l1_ratio=1 instead of penalty='l1', l1_ratio set to a float between 0 and 1 instead of penalty='elasticnet', and C=np.inf instead of penalty=None.
  warnings.warn(
/usr/local/lib/python3.11/dist-packages/sklearn/linear_model/_logistic.py:1407: UserWarning: Inconsistent values: penalty=l1 with l1_ratio=0.0. penalty is deprecated. Please use l1_ratio only.
  warnings.warn(
/usr/local/lib/python3.11/dist-packages/sklearn/linear_model/_logistic.py:1381: FutureWarning: 'penalty' was deprecated in version 1.8 and will be removed in 1.10. To avoid this warning, leave 'penalty' set to its default value and use 'l1_ratio' or 'C' instead. Use l1_ratio=0 instead of penalty='l2', l1_ratio=1 instead of penalty='l1', l1_ratio set to a float between 0 and 1 instead of penalty='elasticnet', and C=np.inf instead of penalty=None.
  warnings.warn(
/usr/local/lib/python3.11/dist-packages/sklearn/linear_model/_logistic.py:1407: UserWarning: Inconsistent values: penalty=l1 with l1_ratio=0.0. penalty is deprecated. Please use l1_ratio only.
  warnings.warn(
/usr/local/lib/python3.11/dist-packages/sklearn/linear_model/_logistic.py:1381: FutureWarning: 'penalty' was deprecated in version 1.8 and will be removed in 1.10. To avoid this warning, leave 'penalty' set to its default value and use 'l1_ratio' or 'C' instead. Use l1_ratio=0 instead of penalty='l2', l1_ratio=1 instead of penalty='l1', l1_ratio set to a float between 0 and 1 instead of penalty='elasticnet', and C=np.inf instead of penalty=None.
  warnings.warn(
/usr/local/lib/python3.11/dist-packages/sklearn/linear_model/_logistic.py:1407: UserWarning: Inconsistent values: penalty=l1 with l1_ratio=0.0. penalty is deprecated. Please use l1_ratio only.
  warnings.warn(
/usr/local/lib/python3.11/dist-packages/sklearn/linear_model/_logistic.py:1381: FutureWarning: 'penalty' was deprecated in version 1.8 and will be removed in 1.10. To avoid this warning, leave 'penalty' set to its default value and use 'l1_ratio' or 'C' instead. Use l1_ratio=0 instead of penalty='l2', l1_ratio=1 instead of penalty='l1', l1_ratio set to a float between 0 and 1 instead of penalty='elasticnet', and C=np.inf instead of penalty=None.
  warnings.warn(
/usr/local/lib/python3.11/dist-packages/sklearn/linear_model/_logistic.py:1407: UserWarning: Inconsistent values: penalty=l1 with l1_ratio=0.0. penalty is deprecated. Please use l1_ratio only.
  warnings.warn(
/usr/local/lib/python3.11/dist-packages/sklearn/metrics/_ranking.py:469: UndefinedMetricWarning: Only one class is present in y_true. ROC AUC score is not defined in that case.
  warnings.warn(
/usr/local/lib/python3.11/dist-packages/sklearn/metrics/_ranking.py:469: UndefinedMetricWarning: Only one class is present in y_true. ROC AUC score is not defined in that case.
  warnings.warn(
/usr/local/lib/python3.11/dist-packages/sklearn/metrics/_ranking.py:469: UndefinedMetricWarning: Only one class is present in y_true. ROC AUC score is not defined in that case.
  warnings.warn(
/usr/local/lib/python3.11/dist-packages/sklearn/metrics/_ranking.py:469: UndefinedMetricWarning: Only one class is present in y_true. ROC AUC score is not defined in that case.
  warnings.warn(
/usr/local/lib/python3.11/dist-packages/sklearn/linear_model/_logistic.py:1381: FutureWarning: 'penalty' was deprecated in version 1.8 and will be removed in 1.10. To avoid this warning, leave 'penalty' set to its default value and use 'l1_ratio' or 'C' instead. Use l1_ratio=0 instead of penalty='l2', l1_ratio=1 instead of penalty='l1', l1_ratio set to a float between 0 and 1 instead of penalty='elasticnet', and C=np.inf instead of penalty=None.
  warnings.warn(
/usr/local/lib/python3.11/dist-packages/sklearn/linear_model/_logistic.py:1407: UserWarning: Inconsistent values: penalty=l1 with l1_ratio=0.0. penalty is deprecated. Please use l1_ratio only.
  warnings.warn(
/usr/local/lib/python3.11/dist-packages/sklearn/linear_model/_logistic.py:1381: FutureWarning: 'penalty' was deprecated in version 1.8 and will be removed in 1.10. To avoid this warning, leave 'penalty' set to its default value and use 'l1_ratio' or 'C' instead. Use l1_ratio=0 instead of penalty='l2', l1_ratio=1 instead of penalty='l1', l1_ratio set to a float between 0 and 1 instead of penalty='elasticnet', and C=np.inf instead of penalty=None.
  warnings.warn(
/usr/local/lib/python3.11/dist-packages/sklearn/linear_model/_logistic.py:1407: UserWarning: Inconsistent values: penalty=l1 with l1_ratio=0.0. penalty is deprecated. Please use l1_ratio only.
  warnings.warn(
/usr/local/lib/python3.11/dist-packages/sklearn/linear_model/_logistic.py:1381: FutureWarning: 'penalty' was deprecated in version 1.8 and will be removed in 1.10. To avoid this warning, leave 'penalty' set to its default value and use 'l1_ratio' or 'C' instead. Use l1_ratio=0 instead of penalty='l2', l1_ratio=1 instead of penalty='l1', l1_ratio set to a float between 0 and 1 instead of penalty='elasticnet', and C=np.inf instead of penalty=None.
  warnings.warn(
/usr/local/lib/python3.11/dist-packages/sklearn/linear_model/_logistic.py:1407: UserWarning: Inconsistent values: penalty=l1 with l1_ratio=0.0. penalty is deprecated. Please use l1_ratio only.
  warnings.warn(
/usr/local/lib/python3.11/dist-packages/sklearn/linear_model/_logistic.py:1381: FutureWarning: 'penalty' was deprecated in version 1.8 and will be removed in 1.10. To avoid this warning, leave 'penalty' set to its default value and use 'l1_ratio' or 'C' instead. Use l1_ratio=0 instead of penalty='l2', l1_ratio=1 instead of penalty='l1', l1_ratio set to a float between 0 and 1 instead of penalty='elasticnet', and C=np.inf instead of penalty=None.
  warnings.warn(
/usr/local/lib/python3.11/dist-packages/sklearn/linear_model/_logistic.py:1407: UserWarning: Inconsistent values: penalty=l1 with l1_ratio=0.0. penalty is deprecated. Please use l1_ratio only.
  warnings.warn(
/usr/local/lib/python3.11/dist-packages/sklearn/linear_model/_logistic.py:1381: FutureWarning: 'penalty' was deprecated in version 1.8 and will be removed in 1.10. To avoid this warning, leave 'penalty' set to its default value and use 'l1_ratio' or 'C' instead. Use l1_ratio=0 instead of penalty='l2', l1_ratio=1 instead of penalty='l1', l1_ratio set to a float between 0 and 1 instead of penalty='elasticnet', and C=np.inf instead of penalty=None.
  warnings.warn(
/usr/local/lib/python3.11/dist-packages/sklearn/linear_model/_logistic.py:1407: UserWarning: Inconsistent values: penalty=l1 with l1_ratio=0.0. penalty is deprecated. Please use l1_ratio only.
  warnings.warn(
/usr/local/lib/python3.11/dist-packages/sklearn/metrics/_ranking.py:469: UndefinedMetricWarning: Only one class is present in y_true. ROC AUC score is not defined in that case.
  warnings.warn(
/usr/local/lib/python3.11/dist-packages/sklearn/metrics/_ranking.py:469: UndefinedMetricWarning: Only one class is present in y_true. ROC AUC score is not defined in that case.
  warnings.warn(
/usr/local/lib/python3.11/dist-packages/sklearn/metrics/_ranking.py:469: UndefinedMetricWarning: Only one class is present in y_true. ROC AUC score is not defined in that case.
  warnings.warn(
/usr/local/lib/python3.11/dist-packages/sklearn/metrics/_ranking.py:469: UndefinedMetricWarning: Only one class is present in y_true. ROC AUC score is not defined in that case.
  warnings.warn(
/usr/local/lib/python3.11/dist-packages/sklearn/linear_model/_logistic.py:1381: FutureWarning: 'penalty' was deprecated in version 1.8 and will be removed in 1.10. To avoid this warning, leave 'penalty' set to its default value and use 'l1_ratio' or 'C' instead. Use l1_ratio=0 instead of penalty='l2', l1_ratio=1 instead of penalty='l1', l1_ratio set to a float between 0 and 1 instead of penalty='elasticnet', and C=np.inf instead of penalty=None.
  warnings.warn(
/usr/local/lib/python3.11/dist-packages/sklearn/linear_model/_logistic.py:1407: UserWarning: Inconsistent values: penalty=l1 with l1_ratio=0.0. penalty is deprecated. Please use l1_ratio only.
  warnings.warn(
/usr/local/lib/python3.11/dist-packages/sklearn/linear_model/_logistic.py:1381: FutureWarning: 'penalty' was deprecated in version 1.8 and will be removed in 1.10. To avoid this warning, leave 'penalty' set to its default value and use 'l1_ratio' or 'C' instead. Use l1_ratio=0 instead of penalty='l2', l1_ratio=1 instead of penalty='l1', l1_ratio set to a float between 0 and 1 instead of penalty='elasticnet', and C=np.inf instead of penalty=None.
  warnings.warn(
/usr/local/lib/python3.11/dist-packages/sklearn/linear_model/_logistic.py:1407: UserWarning: Inconsistent values: penalty=l1 with l1_ratio=0.0. penalty is deprecated. Please use l1_ratio only.
  warnings.warn(
/usr/local/lib/python3.11/dist-packages/sklearn/linear_model/_logistic.py:1381: FutureWarning: 'penalty' was deprecated in version 1.8 and will be removed in 1.10. To avoid this warning, leave 'penalty' set to its default value and use 'l1_ratio' or 'C' instead. Use l1_ratio=0 instead of penalty='l2', l1_ratio=1 instead of penalty='l1', l1_ratio set to a float between 0 and 1 instead of penalty='elasticnet', and C=np.inf instead of penalty=None.
  warnings.warn(
/usr/local/lib/python3.11/dist-packages/sklearn/linear_model/_logistic.py:1407: UserWarning: Inconsistent values: penalty=l1 with l1_ratio=0.0. penalty is deprecated. Please use l1_ratio only.
  warnings.warn(
/usr/local/lib/python3.11/dist-packages/sklearn/linear_model/_logistic.py:1381: FutureWarning: 'penalty' was deprecated in version 1.8 and will be removed in 1.10. To avoid this warning, leave 'penalty' set to its default value and use 'l1_ratio' or 'C' instead. Use l1_ratio=0 instead of penalty='l2', l1_ratio=1 instead of penalty='l1', l1_ratio set to a float between 0 and 1 instead of penalty='elasticnet', and C=np.inf instead of penalty=None.
  warnings.warn(
/usr/local/lib/python3.11/dist-packages/sklearn/linear_model/_logistic.py:1407: UserWarning: Inconsistent values: penalty=l1 with l1_ratio=0.0. penalty is deprecated. Please use l1_ratio only.
  warnings.warn(
/usr/local/lib/python3.11/dist-packages/sklearn/linear_model/_logistic.py:1381: FutureWarning: 'penalty' was deprecated in version 1.8 and will be removed in 1.10. To avoid this warning, leave 'penalty' set to its default value and use 'l1_ratio' or 'C' instead. Use l1_ratio=0 instead of penalty='l2', l1_ratio=1 instead of penalty='l1', l1_ratio set to a float between 0 and 1 instead of penalty='elasticnet', and C=np.inf instead of penalty=None.
  warnings.warn(
/usr/local/lib/python3.11/dist-packages/sklearn/linear_model/_logistic.py:1407: UserWarning: Inconsistent values: penalty=l1 with l1_ratio=0.0. penalty is deprecated. Please use l1_ratio only.
  warnings.warn(
/usr/local/lib/python3.11/dist-packages/sklearn/linear_model/_logistic.py:1381: FutureWarning: 'penalty' was deprecated in version 1.8 and will be removed in 1.10. To avoid this warning, leave 'penalty' set to its default value and use 'l1_ratio' or 'C' instead. Use l1_ratio=0 instead of penalty='l2', l1_ratio=1 instead of penalty='l1', l1_ratio set to a float between 0 and 1 instead of penalty='elasticnet', and C=np.inf instead of penalty=None.
  warnings.warn(
/usr/local/lib/python3.11/dist-packages/sklearn/linear_model/_logistic.py:1407: UserWarning: Inconsistent values: penalty=l1 with l1_ratio=0.0. penalty is deprecated. Please use l1_ratio only.
  warnings.warn(
/usr/local/lib/python3.11/dist-packages/sklearn/linear_model/_logistic.py:1381: FutureWarning: 'penalty' was deprecated in version 1.8 and will be removed in 1.10. To avoid this warning, leave 'penalty' set to its default value and use 'l1_ratio' or 'C' instead. Use l1_ratio=0 instead of penalty='l2', l1_ratio=1 instead of penalty='l1', l1_ratio set to a float between 0 and 1 instead of penalty='elasticnet', and C=np.inf instead of penalty=None.
  warnings.warn(
/usr/local/lib/python3.11/dist-packages/sklearn/linear_model/_logistic.py:1407: UserWarning: Inconsistent values: penalty=l1 with l1_ratio=0.0. penalty is deprecated. Please use l1_ratio only.
  warnings.warn(
/usr/local/lib/python3.11/dist-packages/sklearn/linear_model/_logistic.py:1381: FutureWarning: 'penalty' was deprecated in version 1.8 and will be removed in 1.10. To avoid this warning, leave 'penalty' set to its default value and use 'l1_ratio' or 'C' instead. Use l1_ratio=0 instead of penalty='l2', l1_ratio=1 instead of penalty='l1', l1_ratio set to a float between 0 and 1 instead of penalty='elasticnet', and C=np.inf instead of penalty=None.
  warnings.warn(
/usr/local/lib/python3.11/dist-packages/sklearn/linear_model/_logistic.py:1407: UserWarning: Inconsistent values: penalty=l1 with l1_ratio=0.0. penalty is deprecated. Please use l1_ratio only.
  warnings.warn(
/usr/local/lib/python3.11/dist-packages/sklearn/linear_model/_logistic.py:1381: FutureWarning: 'penalty' was deprecated in version 1.8 and will be removed in 1.10. To avoid this warning, leave 'penalty' set to its default value and use 'l1_ratio' or 'C' instead. Use l1_ratio=0 instead of penalty='l2', l1_ratio=1 instead of penalty='l1', l1_ratio set to a float between 0 and 1 instead of penalty='elasticnet', and C=np.inf instead of penalty=None.
  warnings.warn(
/usr/local/lib/python3.11/dist-packages/sklearn/linear_model/_logistic.py:1407: UserWarning: Inconsistent values: penalty=l1 with l1_ratio=0.0. penalty is deprecated. Please use l1_ratio only.
  warnings.warn(
/usr/local/lib/python3.11/dist-packages/sklearn/linear_model/_logistic.py:1381: FutureWarning: 'penalty' was deprecated in version 1.8 and will be removed in 1.10. To avoid this warning, leave 'penalty' set to its default value and use 'l1_ratio' or 'C' instead. Use l1_ratio=0 instead of penalty='l2', l1_ratio=1 instead of penalty='l1', l1_ratio set to a float between 0 and 1 instead of penalty='elasticnet', and C=np.inf instead of penalty=None.
  warnings.warn(
/usr/local/lib/python3.11/dist-packages/sklearn/linear_model/_logistic.py:1407: UserWarning: Inconsistent values: penalty=l1 with l1_ratio=0.0. penalty is deprecated. Please use l1_ratio only.
  warnings.warn(
/usr/local/lib/python3.11/dist-packages/sklearn/linear_model/_logistic.py:1381: FutureWarning: 'penalty' was deprecated in version 1.8 and will be removed in 1.10. To avoid this warning, leave 'penalty' set to its default value and use 'l1_ratio' or 'C' instead. Use l1_ratio=0 instead of penalty='l2', l1_ratio=1 instead of penalty='l1', l1_ratio set to a float between 0 and 1 instead of penalty='elasticnet', and C=np.inf instead of penalty=None.
  warnings.warn(
/usr/local/lib/python3.11/dist-packages/sklearn/linear_model/_logistic.py:1407: UserWarning: Inconsistent values: penalty=l1 with l1_ratio=0.0. penalty is deprecated. Please use l1_ratio only.
  warnings.warn(
/usr/local/lib/python3.11/dist-packages/sklearn/linear_model/_logistic.py:1381: FutureWarning: 'penalty' was deprecated in version 1.8 and will be removed in 1.10. To avoid this warning, leave 'penalty' set to its default value and use 'l1_ratio' or 'C' instead. Use l1_ratio=0 instead of penalty='l2', l1_ratio=1 instead of penalty='l1', l1_ratio set to a float between 0 and 1 instead of penalty='elasticnet', and C=np.inf instead of penalty=None.
  warnings.warn(
/usr/local/lib/python3.11/dist-packages/sklearn/linear_model/_logistic.py:1407: UserWarning: Inconsistent values: penalty=l1 with l1_ratio=0.0. penalty is deprecated. Please use l1_ratio only.
  warnings.warn(
/usr/local/lib/python3.11/dist-packages/sklearn/linear_model/_logistic.py:1381: FutureWarning: 'penalty' was deprecated in version 1.8 and will be removed in 1.10. To avoid this warning, leave 'penalty' set to its default value and use 'l1_ratio' or 'C' instead. Use l1_ratio=0 instead of penalty='l2', l1_ratio=1 instead of penalty='l1', l1_ratio set to a float between 0 and 1 instead of penalty='elasticnet', and C=np.inf instead of penalty=None.
  warnings.warn(
/usr/local/lib/python3.11/dist-packages/sklearn/linear_model/_logistic.py:1407: UserWarning: Inconsistent values: penalty=l1 with l1_ratio=0.0. penalty is deprecated. Please use l1_ratio only.
  warnings.warn(
/usr/local/lib/python3.11/dist-packages/sklearn/linear_model/_logistic.py:1381: FutureWarning: 'penalty' was deprecated in version 1.8 and will be removed in 1.10. To avoid this warning, leave 'penalty' set to its default value and use 'l1_ratio' or 'C' instead. Use l1_ratio=0 instead of penalty='l2', l1_ratio=1 instead of penalty='l1', l1_ratio set to a float between 0 and 1 instead of penalty='elasticnet', and C=np.inf instead of penalty=None.
  warnings.warn(
/usr/local/lib/python3.11/dist-packages/sklearn/linear_model/_logistic.py:1407: UserWarning: Inconsistent values: penalty=l1 with l1_ratio=0.0. penalty is deprecated. Please use l1_ratio only.
  warnings.warn(
/usr/local/lib/python3.11/dist-packages/sklearn/linear_model/_logistic.py:1381: FutureWarning: 'penalty' was deprecated in version 1.8 and will be removed in 1.10. To avoid this warning, leave 'penalty' set to its default value and use 'l1_ratio' or 'C' instead. Use l1_ratio=0 instead of penalty='l2', l1_ratio=1 instead of penalty='l1', l1_ratio set to a float between 0 and 1 instead of penalty='elasticnet', and C=np.inf instead of penalty=None.
  warnings.warn(
/usr/local/lib/python3.11/dist-packages/sklearn/linear_model/_logistic.py:1407: UserWarning: Inconsistent values: penalty=l1 with l1_ratio=0.0. penalty is deprecated. Please use l1_ratio only.
  warnings.warn(
/usr/local/lib/python3.11/dist-packages/sklearn/linear_model/_logistic.py:1381: FutureWarning: 'penalty' was deprecated in version 1.8 and will be removed in 1.10. To avoid this warning, leave 'penalty' set to its default value and use 'l1_ratio' or 'C' instead. Use l1_ratio=0 instead of penalty='l2', l1_ratio=1 instead of penalty='l1', l1_ratio set to a float between 0 and 1 instead of penalty='elasticnet', and C=np.inf instead of penalty=None.
  warnings.warn(
/usr/local/lib/python3.11/dist-packages/sklearn/linear_model/_logistic.py:1407: UserWarning: Inconsistent values: penalty=l1 with l1_ratio=0.0. penalty is deprecated. Please use l1_ratio only.
  warnings.warn(
/usr/local/lib/python3.11/dist-packages/sklearn/linear_model/_logistic.py:1381: FutureWarning: 'penalty' was deprecated in version 1.8 and will be removed in 1.10. To avoid this warning, leave 'penalty' set to its default value and use 'l1_ratio' or 'C' instead. Use l1_ratio=0 instead of penalty='l2', l1_ratio=1 instead of penalty='l1', l1_ratio set to a float between 0 and 1 instead of penalty='elasticnet', and C=np.inf instead of penalty=None.
  warnings.warn(
/usr/local/lib/python3.11/dist-packages/sklearn/linear_model/_logistic.py:1407: UserWarning: Inconsistent values: penalty=l1 with l1_ratio=0.0. penalty is deprecated. Please use l1_ratio only.
  warnings.warn(
/usr/local/lib/python3.11/dist-packages/sklearn/linear_model/_logistic.py:1381: FutureWarning: 'penalty' was deprecated in version 1.8 and will be removed in 1.10. To avoid this warning, leave 'penalty' set to its default value and use 'l1_ratio' or 'C' instead. Use l1_ratio=0 instead of penalty='l2', l1_ratio=1 instead of penalty='l1', l1_ratio set to a float between 0 and 1 instead of penalty='elasticnet', and C=np.inf instead of penalty=None.
  warnings.warn(
/usr/local/lib/python3.11/dist-packages/sklearn/linear_model/_logistic.py:1407: UserWarning: Inconsistent values: penalty=l1 with l1_ratio=0.0. penalty is deprecated. Please use l1_ratio only.
  warnings.warn(
/usr/local/lib/python3.11/dist-packages/sklearn/linear_model/_logistic.py:1381: FutureWarning: 'penalty' was deprecated in version 1.8 and will be removed in 1.10. To avoid this warning, leave 'penalty' set to its default value and use 'l1_ratio' or 'C' instead. Use l1_ratio=0 instead of penalty='l2', l1_ratio=1 instead of penalty='l1', l1_ratio set to a float between 0 and 1 instead of penalty='elasticnet', and C=np.inf instead of penalty=None.
  warnings.warn(
/usr/local/lib/python3.11/dist-packages/sklearn/linear_model/_logistic.py:1407: UserWarning: Inconsistent values: penalty=l1 with l1_ratio=0.0. penalty is deprecated. Please use l1_ratio only.
  warnings.warn(
/usr/local/lib/python3.11/dist-packages/sklearn/linear_model/_logistic.py:1381: FutureWarning: 'penalty' was deprecated in version 1.8 and will be removed in 1.10. To avoid this warning, leave 'penalty' set to its default value and use 'l1_ratio' or 'C' instead. Use l1_ratio=0 instead of penalty='l2', l1_ratio=1 instead of penalty='l1', l1_ratio set to a float between 0 and 1 instead of penalty='elasticnet', and C=np.inf instead of penalty=None.
  warnings.warn(
/usr/local/lib/python3.11/dist-packages/sklearn/linear_model/_logistic.py:1407: UserWarning: Inconsistent values: penalty=l1 with l1_ratio=0.0. penalty is deprecated. Please use l1_ratio only.
  warnings.warn(
/usr/local/lib/python3.11/dist-packages/sklearn/linear_model/_logistic.py:1381: FutureWarning: 'penalty' was deprecated in version 1.8 and will be removed in 1.10. To avoid this warning, leave 'penalty' set to its default value and use 'l1_ratio' or 'C' instead. Use l1_ratio=0 instead of penalty='l2', l1_ratio=1 instead of penalty='l1', l1_ratio set to a float between 0 and 1 instead of penalty='elasticnet', and C=np.inf instead of penalty=None.
  warnings.warn(
/usr/local/lib/python3.11/dist-packages/sklearn/linear_model/_logistic.py:1407: UserWarning: Inconsistent values: penalty=l1 with l1_ratio=0.0. penalty is deprecated. Please use l1_ratio only.
  warnings.warn(
/usr/local/lib/python3.11/dist-packages/sklearn/linear_model/_logistic.py:1381: FutureWarning: 'penalty' was deprecated in version 1.8 and will be removed in 1.10. To avoid this warning, leave 'penalty' set to its default value and use 'l1_ratio' or 'C' instead. Use l1_ratio=0 instead of penalty='l2', l1_ratio=1 instead of penalty='l1', l1_ratio set to a float between 0 and 1 instead of penalty='elasticnet', and C=np.inf instead of penalty=None.
  warnings.warn(
/usr/local/lib/python3.11/dist-packages/sklearn/linear_model/_logistic.py:1407: UserWarning: Inconsistent values: penalty=l1 with l1_ratio=0.0. penalty is deprecated. Please use l1_ratio only.
  warnings.warn(
/usr/local/lib/python3.11/dist-packages/sklearn/linear_model/_logistic.py:1381: FutureWarning: 'penalty' was deprecated in version 1.8 and will be removed in 1.10. To avoid this warning, leave 'penalty' set to its default value and use 'l1_ratio' or 'C' instead. Use l1_ratio=0 instead of penalty='l2', l1_ratio=1 instead of penalty='l1', l1_ratio set to a float between 0 and 1 instead of penalty='elasticnet', and C=np.inf instead of penalty=None.
  warnings.warn(
/usr/local/lib/python3.11/dist-packages/sklearn/linear_model/_logistic.py:1407: UserWarning: Inconsistent values: penalty=l1 with l1_ratio=0.0. penalty is deprecated. Please use l1_ratio only.
  warnings.warn(
/usr/local/lib/python3.11/dist-packages/sklearn/linear_model/_logistic.py:1381: FutureWarning: 'penalty' was deprecated in version 1.8 and will be removed in 1.10. To avoid this warning, leave 'penalty' set to its default value and use 'l1_ratio' or 'C' instead. Use l1_ratio=0 instead of penalty='l2', l1_ratio=1 instead of penalty='l1', l1_ratio set to a float between 0 and 1 instead of penalty='elasticnet', and C=np.inf instead of penalty=None.
  warnings.warn(
/usr/local/lib/python3.11/dist-packages/sklearn/linear_model/_logistic.py:1407: UserWarning: Inconsistent values: penalty=l1 with l1_ratio=0.0. penalty is deprecated. Please use l1_ratio only.
  warnings.warn(
/usr/local/lib/python3.11/dist-packages/sklearn/linear_model/_logistic.py:1381: FutureWarning: 'penalty' was deprecated in version 1.8 and will be removed in 1.10. To avoid this warning, leave 'penalty' set to its default value and use 'l1_ratio' or 'C' instead. Use l1_ratio=0 instead of penalty='l2', l1_ratio=1 instead of penalty='l1', l1_ratio set to a float between 0 and 1 instead of penalty='elasticnet', and C=np.inf instead of penalty=None.
  warnings.warn(
/usr/local/lib/python3.11/dist-packages/sklearn/linear_model/_logistic.py:1407: UserWarning: Inconsistent values: penalty=l1 with l1_ratio=0.0. penalty is deprecated. Please use l1_ratio only.
  warnings.warn(
/usr/local/lib/python3.11/dist-packages/sklearn/linear_model/_logistic.py:1381: FutureWarning: 'penalty' was deprecated in version 1.8 and will be removed in 1.10. To avoid this warning, leave 'penalty' set to its default value and use 'l1_ratio' or 'C' instead. Use l1_ratio=0 instead of penalty='l2', l1_ratio=1 instead of penalty='l1', l1_ratio set to a float between 0 and 1 instead of penalty='elasticnet', and C=np.inf instead of penalty=None.
  warnings.warn(
/usr/local/lib/python3.11/dist-packages/sklearn/linear_model/_logistic.py:1407: UserWarning: Inconsistent values: penalty=l1 with l1_ratio=0.0. penalty is deprecated. Please use l1_ratio only.
  warnings.warn(
/usr/local/lib/python3.11/dist-packages/sklearn/linear_model/_logistic.py:1381: FutureWarning: 'penalty' was deprecated in version 1.8 and will be removed in 1.10. To avoid this warning, leave 'penalty' set to its default value and use 'l1_ratio' or 'C' instead. Use l1_ratio=0 instead of penalty='l2', l1_ratio=1 instead of penalty='l1', l1_ratio set to a float between 0 and 1 instead of penalty='elasticnet', and C=np.inf instead of penalty=None.
  warnings.warn(
/usr/local/lib/python3.11/dist-packages/sklearn/linear_model/_logistic.py:1407: UserWarning: Inconsistent values: penalty=l1 with l1_ratio=0.0. penalty is deprecated. Please use l1_ratio only.
  warnings.warn(
/usr/local/lib/python3.11/dist-packages/sklearn/linear_model/_logistic.py:1381: FutureWarning: 'penalty' was deprecated in version 1.8 and will be removed in 1.10. To avoid this warning, leave 'penalty' set to its default value and use 'l1_ratio' or 'C' instead. Use l1_ratio=0 instead of penalty='l2', l1_ratio=1 instead of penalty='l1', l1_ratio set to a float between 0 and 1 instead of penalty='elasticnet', and C=np.inf instead of penalty=None.
  warnings.warn(
/usr/local/lib/python3.11/dist-packages/sklearn/linear_model/_logistic.py:1407: UserWarning: Inconsistent values: penalty=l1 with l1_ratio=0.0. penalty is deprecated. Please use l1_ratio only.
  warnings.warn(
/usr/local/lib/python3.11/dist-packages/sklearn/linear_model/_logistic.py:1381: FutureWarning: 'penalty' was deprecated in version 1.8 and will be removed in 1.10. To avoid this warning, leave 'penalty' set to its default value and use 'l1_ratio' or 'C' instead. Use l1_ratio=0 instead of penalty='l2', l1_ratio=1 instead of penalty='l1', l1_ratio set to a float between 0 and 1 instead of penalty='elasticnet', and C=np.inf instead of penalty=None.
  warnings.warn(
/usr/local/lib/python3.11/dist-packages/sklearn/linear_model/_logistic.py:1407: UserWarning: Inconsistent values: penalty=l1 with l1_ratio=0.0. penalty is deprecated. Please use l1_ratio only.
  warnings.warn(
/usr/local/lib/python3.11/dist-packages/sklearn/linear_model/_logistic.py:1381: FutureWarning: 'penalty' was deprecated in version 1.8 and will be removed in 1.10. To avoid this warning, leave 'penalty' set to its default value and use 'l1_ratio' or 'C' instead. Use l1_ratio=0 instead of penalty='l2', l1_ratio=1 instead of penalty='l1', l1_ratio set to a float between 0 and 1 instead of penalty='elasticnet', and C=np.inf instead of penalty=None.
  warnings.warn(
/usr/local/lib/python3.11/dist-packages/sklearn/linear_model/_logistic.py:1407: UserWarning: Inconsistent values: penalty=l1 with l1_ratio=0.0. penalty is deprecated. Please use l1_ratio only.
  warnings.warn(
signals 8173 labels base rates {'hold_1d': 0.117, 'hold_5d': 0.043, 'hold_20d': 0.014, 'hold_60d': 0.006, 'mae_10pt': 0.276, 'mae_20pt': 0.166, 'mae_0.5atr': 0.525, 'mae_1atr': 0.36, 'mae_2atr': 0.231}
                   mean    min    max
label      model                     
hold_1d    flags  0.582  0.497  0.625
           l1     0.617  0.566  0.672
           logit  0.604  0.548  0.660
           tree   0.606  0.584  0.637
hold_20d   flags  0.486  0.239  0.674
           l1     0.454  0.361  0.621
           logit  0.521  0.363  0.642
           tree   0.479  0.430  0.535
hold_5d    flags  0.548  0.508  0.621
           l1     0.569  0.521  0.598
           logit  0.567  0.503  0.608
           tree   0.570  0.523  0.609
hold_60d   flags  0.528  0.276  0.771
           l1     0.475  0.182  0.718
           logit  0.604  0.561  0.638
           tree   0.406  0.176  0.703
mae_0.5atr flags  0.570  0.536  0.609
           l1     0.619  0.584  0.653
           logit  0.617  0.585  0.654
           tree   0.603  0.568  0.642
mae_10pt   flags  0.518  0.474  0.560
           l1     0.529  0.506  0.599
           logit  0.538  0.509  0.595
           tree   0.503  0.486  0.541
mae_1atr   flags  0.577  0.519  0.604
           l1     0.622  0.582  0.651
           logit  0.620  0.586  0.648
           tree   0.602  0.566  0.638
mae_20pt   flags  0.522  0.502  0.542
           l1     0.522  0.484  0.552
           logit  0.526  0.499  0.538
           tree   0.537  0.515  0.555
mae_2atr   flags  0.597  0.546  0.630
           l1     0.638  0.608  0.659
           logit  0.640  0.601  0.659
           tree   0.611  0.557  0.657
     label     model  auc_pooled  base_rate      n
   hold_1d oof:logit       0.621      0.106 6182.0
   hold_1d    oof:l1       0.630      0.106 6182.0
   hold_1d  oof:tree       0.620      0.106 6182.0
   hold_1d oof:flags       0.590      0.106 6182.0
   hold_5d oof:logit       0.552      0.041 6182.0
   hold_5d    oof:l1       0.545      0.041 6182.0
   hold_5d  oof:tree       0.554      0.041 6182.0
   hold_5d oof:flags       0.547      0.041 6182.0
  hold_20d oof:logit       0.448      0.014 6182.0
  hold_20d    oof:l1       0.420      0.014 6182.0
  hold_20d  oof:tree       0.395      0.014 6182.0
  hold_20d oof:flags       0.435      0.014 6182.0
  hold_60d oof:logit       0.349      0.005 6182.0
  hold_60d    oof:l1       0.406      0.005 6182.0
  hold_60d  oof:tree       0.408      0.005 6182.0
  hold_60d oof:flags       0.388      0.005 6182.0
  mae_10pt oof:logit       0.539      0.282 6182.0
  mae_10pt    oof:l1       0.529      0.282 6182.0
  mae_10pt  oof:tree       0.499      0.282 6182.0
  mae_10pt oof:flags       0.520      0.282 6182.0
  mae_20pt oof:logit       0.523      0.172 6182.0
  mae_20pt    oof:l1       0.521      0.172 6182.0
  mae_20pt  oof:tree       0.534      0.172 6182.0
  mae_20pt oof:flags       0.518      0.172 6182.0
mae_0.5atr oof:logit       0.639      0.500 6182.0
mae_0.5atr    oof:l1       0.641      0.500 6182.0
mae_0.5atr  oof:tree       0.629      0.500 6182.0
mae_0.5atr oof:flags       0.589      0.500 6182.0
  mae_1atr oof:logit       0.640      0.340 6182.0
  mae_1atr    oof:l1       0.643      0.340 6182.0
  mae_1atr  oof:tree       0.625      0.340 6182.0
  mae_1atr oof:flags       0.591      0.340 6182.0
  mae_2atr oof:logit       0.655      0.218 6182.0
  mae_2atr    oof:l1       0.656      0.218 6182.0
  mae_2atr  oof:tree       0.631      0.218 6182.0
  mae_2atr oof:flags       0.613      0.218 6182.0
total 31 s
