         name  target_week  hist_week_mean  contracts_now  scale_mult  contracts_needed  worst_depth_1x  capital_needed_50pct_rule  capital_needed_30pct_rule  peak_notional_scaled
         BASE         1000          1301.6             32         0.8              24.6        199722.9                   306883.8                   511473.1              851401.4
         BASE         2000          1301.6             32         1.5              49.2        199722.9                   613767.7                  1022946.1             1702802.8
         BASE         4000          1301.6             32         3.1              98.3        199722.9                  1227535.3                  2045892.2             3405605.6
      C10_lmt         1000           318.1             10         3.1              31.4         54899.4                   345218.8                   575364.7              892327.6
      C10_lmt         2000           318.1             10         6.3              62.9         54899.4                   690437.7                  1150729.4             1784655.2
      C10_lmt         4000           318.1             10        12.6             125.8         54899.4                  1380875.3                  2301458.9             3569310.5
      C10_mkt         1000           315.3             10         3.2              31.7         53456.5                   339105.3                   565175.5              900185.2
      C10_mkt         2000           315.3             10         6.3              63.4         53456.5                   678210.7                  1130351.1             1800370.4
      C10_mkt         4000           315.3             10        12.7             126.9         53456.5                  1356421.3                  2260702.2             3600740.8
     C14_bs70         1000           416.4             14         2.4              33.6         67135.3                   322451.5                   537419.2              855235.8
     C14_bs70         2000           416.4             14         4.8              67.2         67135.3                   644903.0                  1074838.3             1710471.6
     C14_bs70         4000           416.4             14         9.6             134.5         67135.3                  1289806.0                  2149676.6             3420943.1
      C14_lmt         1000           483.7             14         2.1              28.9         66399.3                   274556.2                   457593.6              814466.9
      C14_lmt         2000           483.7             14         4.1              57.9         66399.3                   549112.4                   915187.3             1628933.8
      C14_lmt         4000           483.7             14         8.3             115.8         66399.3                  1098224.7                  1830374.5             3257867.7
      C14_mkt         1000           465.0             14         2.2              30.1         70153.8                   301723.1                   502871.8              847154.5
      C14_mkt         2000           465.0             14         4.3              60.2         70153.8                   603446.1                  1005743.5             1694309.1
      C14_mkt         4000           465.0             14         8.6             120.4         70153.8                  1206892.2                  2011487.0             3388618.2
   C14_rpos60         1000           428.1             14         2.3              32.7         54840.1                   256208.9                   427014.8              712492.6
   C14_rpos60         2000           428.1             14         4.7              65.4         54840.1                   512417.8                   854029.6             1424985.1
   C14_rpos60         4000           428.1             14         9.3             130.8         54840.1                  1024835.5                  1708059.2             2849970.3
      C20_mkt         1000           596.7             20         1.7              33.5         97189.8                   325771.2                   542952.1              772935.3
      C20_mkt         2000           596.7             20         3.4              67.0         97189.8                   651542.5                  1085904.1             1545870.6
      C20_mkt         4000           596.7             20         6.7             134.1         97189.8                  1303084.9                  2171808.2             3091741.2
      C24_mkt         1000           718.3             24         1.4              33.4        116212.0                   323587.0                   539311.6              696870.3
      C24_mkt         2000           718.3             24         2.8              66.8        116212.0                   647174.0                  1078623.3             1393740.6
      C24_mkt         4000           718.3             24         5.6             133.7        116212.0                  1294347.9                  2157246.5             2787481.2
     C32_bs70         1000           745.6             32         1.3              42.9         92167.6                   247242.3                   412070.5              775009.2
     C32_bs70         2000           745.6             32         2.7              85.8         92167.6                   494484.6                   824141.0             1550018.4
     C32_bs70         4000           745.6             32         5.4             171.7         92167.6                   988969.2                  1648281.9             3100036.8
    C32_harv5         1000           499.0             32         2.0              64.1        106428.1                   426579.3                   710965.4             1069893.9
    C32_harv5         2000           499.0             32         4.0             128.3        106428.1                   853158.5                  1421930.9             2139787.9
    C32_harv5         4000           499.0             32         8.0             256.5        106428.1                  1706317.0                  2843861.7             4279575.8
C32_harv5_lmt         1000           489.9             32         2.0              65.3        113153.1                   461928.4                   769880.7             1089696.3
C32_harv5_lmt         2000           489.9             32         4.1             130.6        113153.1                   923856.9                  1539761.5             2179392.6
C32_harv5_lmt         4000           489.9             32         8.2             261.3        113153.1                  1847713.8                  3079522.9             4358785.2
      C32_lmt         1000           823.2             32         1.2              38.9        126704.5                   307823.5                   513039.2              744446.9
      C32_lmt         2000           823.2             32         2.4              77.7        126704.5                   615647.0                  1026078.3             1488893.9
      C32_lmt         4000           823.2             32         4.9             155.5        126704.5                  1231294.0                  2052156.6             2977787.7
      C32_mkt         1000           830.5             32         1.2              38.5        121559.8                   292728.9                   487881.5              713088.5
      C32_mkt         2000           830.5             32         2.4              77.1        121559.8                   585457.8                   975763.0             1426177.0
      C32_mkt         4000           830.5             32         4.8             154.1        121559.8                  1170915.6                  1951526.0             2852354.1
         name  horizon_weeks  ann_pnl_p05  ann_pnl_p50  ann_pnl_p95  p_ann_loss  maxdd_weekly_p50  maxdd_weekly_p05  maxdd_weekly_p01  losing_streak_p50  losing_streak_p95
         BASE             52     -85844.2      70360.2     189514.4         0.2          -78239.7         -192837.5         -254522.7                4.0                7.0
         BASE            369      11750.9      64605.7     114214.6         0.0         -190087.8         -327511.7         -429033.7                7.0                8.0
      C10_lmt             52     -17833.2      16292.8      44366.9         0.2          -17704.1          -41500.9          -55328.3                4.0                8.0
      C10_lmt            369       3453.0      15568.6      27187.9         0.0          -40706.2          -71577.2          -88859.8                7.0                9.0
      C10_mkt             52     -20770.9      16898.0      46364.6         0.2          -19519.9          -44258.8          -57568.1                4.0                8.0
      C10_mkt            369       2825.8      15435.0      27586.8         0.0          -43395.9          -76116.0          -97890.7                7.0                9.0
     C14_bs70             52     -26145.2      21260.0      58195.0         0.2          -24886.2          -58256.2          -77055.0                4.0                7.0
     C14_bs70            369       3655.4      20114.8      35396.5         0.0          -56893.9          -98660.3         -124065.0                7.0                8.0
      C14_lmt             52     -26988.1      24503.9      64691.3         0.2          -27450.9          -61105.1          -80191.9                4.0                8.0
      C14_lmt            369       5065.7      23173.2      40006.5         0.0          -59890.8         -104016.8         -133195.6                7.0                9.1
      C14_mkt             52     -27114.7      23900.6      65786.8         0.2          -29339.9          -63452.8          -84564.2                4.0                8.0
      C14_mkt            369       3911.5      22907.0      39956.9         0.0          -62850.8         -112704.6         -142972.6                7.0                9.0
   C14_rpos60             52     -23872.3      21490.6      57241.6         0.2          -22823.6          -52786.4          -69169.6                4.0                7.0
   C14_rpos60            369       4262.4      20125.4      35423.9         0.0          -51832.7          -92332.7         -116091.3                7.0                9.0
      C20_mkt             52     -34423.9      31021.9      84679.6         0.2          -38191.3          -80864.9         -104477.8                4.0                8.0
      C20_mkt            369       4186.8      28872.1      50441.9         0.0          -80682.7         -145300.1         -188391.2                7.0                9.0
      C24_mkt             52     -43307.0      38211.5      99804.1         0.2          -43071.2          -97579.6         -127480.4                4.0                8.0
      C24_mkt            369       6839.9      34926.7      61310.7         0.0          -93858.5         -164699.3         -206640.8                7.0                9.0
     C32_bs70             52     -39828.3      39725.9     101789.1         0.2          -37667.6          -91256.5         -121523.5                4.0                7.0
     C32_bs70            369       9020.0      36060.9      61028.0         0.0          -87844.1         -154616.7         -197183.2                7.0                8.0
    C32_harv5             52     -34951.6      27682.5      76955.4         0.2          -32476.9          -80733.4         -109775.6                4.0                8.0
    C32_harv5            369       3342.7      25087.0      45472.9         0.0          -78467.7         -143485.8         -177861.6                7.0                9.0
C32_harv5_lmt             52     -35629.1      25951.1      78400.8         0.2          -34716.2          -83595.3         -113102.3                4.0                8.0
C32_harv5_lmt            369       1059.1      24800.6      45347.0         0.0          -82111.5         -151017.9         -197112.7                7.0                9.0
      C32_lmt             52     -43186.1      42276.8     110298.5         0.2          -47935.0         -106018.4         -138567.6                4.0                8.0
      C32_lmt            369       9704.8      40541.2      69131.1         0.0         -101582.5         -176080.7         -223213.9                7.0                9.0
      C32_mkt             52     -39190.5      42974.4     110802.1         0.2          -45596.1         -100192.5         -132268.7                4.0                8.0
      C32_mkt            369      10496.0      40412.3      68922.6         0.0         -100009.3         -172930.5         -218722.5                7.0                9.0
         name    total   y2019   y2020   y2021     y2022    y2023    y2024   y2025   y2026  ex_2020  ex_2022  ex_2025  worst_year  n_neg_years  best_year_share
         BASE 480297.0 28948.0 47708.0 93423.0 -107072.0 121985.0 107371.0 99580.0 88355.0 432589.0 587370.0 380717.0   -107072.0            1              0.0
      C10_lmt 117363.0  7886.0 19709.0 27085.0  -29928.0  27286.0  24804.0 25236.0 15283.0  97653.0 147290.0  92126.0    -29928.0            1              0.0
      C10_mkt 116338.0  7955.0 19902.0 26960.0  -33121.0  30903.0  24107.0 25056.0 14576.0  96436.0 149460.0  91282.0    -33121.0            1              0.0
     C14_bs70 153654.0 12205.0 21208.0 35925.0  -46110.0  41207.0  34567.0 31754.0 22898.0 132446.0 199764.0 121900.0    -46110.0            1              0.0
      C14_lmt 178480.0 12580.0 27672.0 39210.0  -46134.0  43099.0  38158.0 38826.0 25067.0 150807.0 224613.0 139653.0    -46134.0            1              0.0
      C14_mkt 171593.0 13322.0 27391.0 39561.0  -49034.0  46624.0  36678.0 34573.0 22478.0 144202.0 220627.0 137020.0    -49034.0            1              0.0
   C14_rpos60 157965.0 12946.0 20886.0 38759.0  -38864.0  32949.0  33501.0 32698.0 25089.0 137079.0 196828.0 125267.0    -38864.0            1              0.0
      C20_mkt 220173.0 15976.0 31265.0 48768.0  -66267.0  66709.0  46414.0 48752.0 28556.0 188908.0 286440.0 171421.0    -66267.0            1              0.0
      C24_mkt 265043.0 17535.0 37472.0 58830.0  -77822.0  78520.0  53627.0 61728.0 35153.0 227571.0 342865.0 203315.0    -77822.0            1              0.0
     C32_bs70 275114.0 17163.0 37118.0 60302.0  -63928.0  56487.0  63093.0 67210.0 37669.0 237996.0 339042.0 207903.0    -63928.0            1              0.0
    C32_harv5 184125.0 13372.0 30165.0 34251.0  -69092.0  77305.0  35702.0 39373.0 23049.0 153960.0 253217.0 144752.0    -69092.0            1              0.0
C32_harv5_lmt 180779.0 13049.0 30023.0 33467.0  -74422.0  80347.0  36196.0 39612.0 22507.0 150756.0 255201.0 141168.0    -74422.0            1              0.0
      C32_lmt 303771.0 21003.0 40688.0 58601.0  -82879.0  87987.0  64426.0 67958.0 45987.0 263083.0 386650.0 235814.0    -82879.0            1              0.0
      C32_mkt 306465.0 21322.0 39538.0 61259.0  -79129.0  85080.0  58924.0 74226.0 45244.0 266926.0 385594.0 232239.0    -79129.0            1              0.0
